Component: ARM Compiler 5.06 update 7 (build 960) Tool: armlink [4d3601]

==============================================================================

Section Cross References

    startup_stm32f407xx.o(RESET) refers to startup_stm32f407xx.o(STACK) for __initial_sp
    startup_stm32f407xx.o(RESET) refers to startup_stm32f407xx.o(.text) for Reset_Handler
    startup_stm32f407xx.o(RESET) refers to stm32f4xx_it.o(i.NMI_Handler) for NMI_Handler
    startup_stm32f407xx.o(RESET) refers to stm32f4xx_it.o(i.HardFault_Handler) for HardFault_Handler
    startup_stm32f407xx.o(RESET) refers to stm32f4xx_it.o(i.MemManage_Handler) for MemManage_Handler
    startup_stm32f407xx.o(RESET) refers to stm32f4xx_it.o(i.BusFault_Handler) for BusFault_Handler
    startup_stm32f407xx.o(RESET) refers to stm32f4xx_it.o(i.UsageFault_Handler) for UsageFault_Handler
    startup_stm32f407xx.o(RESET) refers to port.o(.emb_text) for SVC_Handler
    startup_stm32f407xx.o(RESET) refers to stm32f4xx_it.o(i.DebugMon_Handler) for DebugMon_Handler
    startup_stm32f407xx.o(RESET) refers to cmsis_os2.o(i.SysTick_Handler) for SysTick_Handler
    startup_stm32f407xx.o(RESET) refers to stm32f4xx_it.o(i.TIM6_DAC_IRQHandler) for TIM6_DAC_IRQHandler
    startup_stm32f407xx.o(RESET) refers to stm32f4xx_it.o(i.ETH_IRQHandler) for ETH_IRQHandler
    startup_stm32f407xx.o(RESET) refers to stm32f4xx_it.o(i.ETH_WKUP_IRQHandler) for ETH_WKUP_IRQHandler
    startup_stm32f407xx.o(.text) refers to system_stm32f4xx.o(i.SystemInit) for SystemInit
    startup_stm32f407xx.o(.text) refers to entry.o(.ARM.Collect$$$$00000000) for __main
    main.o(i.HAL_TIM_PeriodElapsedCallback) refers to stm32f4xx_hal.o(i.HAL_IncTick) for HAL_IncTick
    main.o(i.MX_GPIO_Init) refers to memseta.o(.text) for __aeabi_memclr4
    main.o(i.MX_GPIO_Init) refers to stm32f4xx_hal_gpio.o(i.HAL_GPIO_WritePin) for HAL_GPIO_WritePin
    main.o(i.MX_GPIO_Init) refers to stm32f4xx_hal_gpio.o(i.HAL_GPIO_Init) for HAL_GPIO_Init
    main.o(i.StartDefaultTask) refers to lwip.o(i.MX_LWIP_Init) for MX_LWIP_Init
    main.o(i.StartDefaultTask) refers to cmsis_os2.o(i.osDelay) for osDelay
    main.o(i.SystemClock_Config) refers to memseta.o(.text) for __aeabi_memclr4
    main.o(i.SystemClock_Config) refers to stm32f4xx_hal_rcc.o(i.HAL_RCC_OscConfig) for HAL_RCC_OscConfig
    main.o(i.SystemClock_Config) refers to stm32f4xx_hal_rcc.o(i.HAL_RCC_ClockConfig) for HAL_RCC_ClockConfig
    main.o(i.main) refers to stm32f4xx_hal.o(i.HAL_Init) for HAL_Init
    main.o(i.main) refers to main.o(i.SystemClock_Config) for SystemClock_Config
    main.o(i.main) refers to main.o(i.MX_GPIO_Init) for MX_GPIO_Init
    main.o(i.main) refers to stm32f4xx_hal_uart.o(i.HAL_UART_Init) for HAL_UART_Init
    main.o(i.main) refers to cmsis_os2.o(i.osKernelInitialize) for osKernelInitialize
    main.o(i.main) refers to cmsis_os2.o(i.osThreadNew) for osThreadNew
    main.o(i.main) refers to cmsis_os2.o(i.osKernelStart) for osKernelStart
    main.o(i.main) refers to main.o(.bss) for .bss
    main.o(i.main) refers to main.o(.constdata) for .constdata
    main.o(i.main) refers to main.o(i.StartDefaultTask) for StartDefaultTask
    main.o(i.main) refers to main.o(.data) for .data
    main.o(.constdata) refers to main.o(.conststring) for .conststring
    stm32f4xx_it.o(i.ETH_IRQHandler) refers to stm32f4xx_hal_eth.o(i.HAL_ETH_IRQHandler) for HAL_ETH_IRQHandler
    stm32f4xx_it.o(i.ETH_IRQHandler) refers to ethernetif.o(.bss) for heth
    stm32f4xx_it.o(i.ETH_WKUP_IRQHandler) refers to stm32f4xx_hal_eth.o(i.HAL_ETH_IRQHandler) for HAL_ETH_IRQHandler
    stm32f4xx_it.o(i.ETH_WKUP_IRQHandler) refers to ethernetif.o(.bss) for heth
    stm32f4xx_it.o(i.TIM6_DAC_IRQHandler) refers to stm32f4xx_hal_tim.o(i.HAL_TIM_IRQHandler) for HAL_TIM_IRQHandler
    stm32f4xx_it.o(i.TIM6_DAC_IRQHandler) refers to stm32f4xx_hal_timebase_tim.o(.bss) for htim6
    stm32f4xx_hal_msp.o(i.HAL_MspInit) refers to stm32f4xx_hal_cortex.o(i.HAL_NVIC_SetPriority) for HAL_NVIC_SetPriority
    stm32f4xx_hal_msp.o(i.HAL_UART_MspDeInit) refers to stm32f4xx_hal_gpio.o(i.HAL_GPIO_DeInit) for HAL_GPIO_DeInit
    stm32f4xx_hal_msp.o(i.HAL_UART_MspInit) refers to memseta.o(.text) for __aeabi_memclr4
    stm32f4xx_hal_msp.o(i.HAL_UART_MspInit) refers to stm32f4xx_hal_gpio.o(i.HAL_GPIO_Init) for HAL_GPIO_Init
    stm32f4xx_hal_timebase_tim.o(i.HAL_InitTick) refers to stm32f4xx_hal_rcc.o(i.HAL_RCC_GetClockConfig) for HAL_RCC_GetClockConfig
    stm32f4xx_hal_timebase_tim.o(i.HAL_InitTick) refers to stm32f4xx_hal_rcc.o(i.HAL_RCC_GetPCLK1Freq) for HAL_RCC_GetPCLK1Freq
    stm32f4xx_hal_timebase_tim.o(i.HAL_InitTick) refers to stm32f4xx_hal_tim.o(i.HAL_TIM_Base_Init) for HAL_TIM_Base_Init
    stm32f4xx_hal_timebase_tim.o(i.HAL_InitTick) refers to stm32f4xx_hal_tim.o(i.HAL_TIM_Base_Start_IT) for HAL_TIM_Base_Start_IT
    stm32f4xx_hal_timebase_tim.o(i.HAL_InitTick) refers to stm32f4xx_hal_cortex.o(i.HAL_NVIC_EnableIRQ) for HAL_NVIC_EnableIRQ
[...]
    dhcp_fine_tmr                            0x08002e59   Thumb Code    46  dhcp.o(i.dhcp_fine_tmr)
    dhcp_network_changed                     0x08002fdd   Thumb Code    82  dhcp.o(i.dhcp_network_changed)
    dhcp_release_and_stop                    0x08003a41   Thumb Code   180  dhcp.o(i.dhcp_release_and_stop)
    dhcp_renew                               0x08003afd   Thumb Code   210  dhcp.o(i.dhcp_renew)
    dhcp_start                               0x08003de5   Thumb Code   148  dhcp.o(i.dhcp_start)
    dhcp_supplied_address                    0x08003f0d   Thumb Code    28  dhcp.o(i.dhcp_supplied_address)
    etharp_cleanup_netif                     0x080040f5   Thumb Code    40  etharp.o(i.etharp_cleanup_netif)
    etharp_input                             0x080043a5   Thumb Code   166  etharp.o(i.etharp_input)
    etharp_output                            0x080044bd   Thumb Code   280  etharp.o(i.etharp_output)
    etharp_query                             0x0800477d   Thumb Code   300  etharp.o(i.etharp_query)
    etharp_request                           0x08004ad9   Thumb Code     6  etharp.o(i.etharp_request)
    etharp_tmr                               0x08004b05   Thumb Code    90  etharp.o(i.etharp_tmr)
    ethernet_input                           0x08004c81   Thumb Code   160  ethernet.o(i.ethernet_input)
    ethernet_link_thread                     0x08004d29   Thumb Code   162  ethernetif.o(i.ethernet_link_thread)
    ethernet_output                          0x08004dd1   Thumb Code    98  ethernet.o(i.ethernet_output)
    ethernetif_init                          0x08004ec9   Thumb Code    50  ethernetif.o(i.ethernetif_init)
    ethernetif_input                         0x08004f59   Thumb Code    64  ethernetif.o(i.ethernetif_input)
    fputc                                    0x08004fa1   Thumb Code    18  fputc.o(i.fputc)
    icmp_dest_unreach                        0x08004fb3   Thumb Code     8  icmp.o(i.icmp_dest_unreach)
    icmp_input                               0x08004fbd   Thumb Code   280  icmp.o(i.icmp_input)
    icmp_time_exceeded                       0x080052b5   Thumb Code     8  icmp.o(i.icmp_time_exceeded)
    ip4_addr_isbroadcast_u32                 0x080052bd   Thumb Code    46  ip4_addr.o(i.ip4_addr_isbroadcast_u32)
    ip4_frag                                 0x080052ed   Thumb Code   426  ip4_frag.o(i.ip4_frag)
    ip4_input                                0x0800554d   Thumb Code   394  ip4.o(i.ip4_input)
    ip4_output_if                            0x0800570d   Thumb Code    30  ip4.o(i.ip4_output_if)
    ip4_output_if_src                        0x0800572d   Thumb Code   214  ip4.o(i.ip4_output_if_src)
    ip4_reass                                0x080058a5   Thumb Code   482  ip4_frag.o(i.ip4_reass)
    ip4_route                                0x08005b2d   Thumb Code    86  ip4.o(i.ip4_route)
    ip_reass_tmr                             0x08006139   Thumb Code    40  ip4_frag.o(i.ip_reass_tmr)
    lwip_htonl                               0x0800646d   Thumb Code     4  def.o(i.lwip_htonl)
    lwip_htons                               0x08006471   Thumb Code     4  def.o(i.lwip_htons)
    lwip_init                                0x08006475   Thumb Code    34  init.o(i.lwip_init)
    main                                     0x08006499   Thumb Code   106  main.o(i.main)
    mem_free                                 0x0800651d   Thumb Code   208  mem.o(i.mem_free)
    mem_init                                 0x080066e5   Thumb Code    76  mem.o(i.mem_init)
    mem_malloc                               0x080067ad   Thumb Code   314  mem.o(i.mem_malloc)
    mem_trim                                 0x08006a09   Thumb Code   314  mem.o(i.mem_trim)
    memp_free                                0x08006bed   Thumb Code    34  memp.o(i.memp_free)
    memp_free_pool                           0x08006c89   Thumb Code    26  memp.o(i.memp_free_pool)
    memp_init                                0x08006d11   Thumb Code    26  memp.o(i.memp_init)
    memp_init_pool                           0x08006d31   Thumb Code    42  memp.o(i.memp_init_pool)
    memp_malloc                              0x08006d5d   Thumb Code    38  memp.o(i.memp_malloc)
    memp_malloc_pool                         0x08006e01   Thumb Code    30  memp.o(i.memp_malloc_pool)
    netif_add                                0x08006e8d   Thumb Code   240  netif.o(i.netif_add)
    netif_get_by_index                       0x08007171   Thumb Code    34  netif.o(i.netif_get_by_index)
    netif_init                               0x08007199   Thumb Code     2  netif.o(i.netif_init)
    netif_set_addr                           0x08007265   Thumb Code    90  netif.o(i.netif_set_addr)
    netif_set_default                        0x080072c5   Thumb Code     6  netif.o(i.netif_set_default)
    netif_set_down                           0x080072d1   Thumb Code    42  netif.o(i.netif_set_down)
    netif_set_link_callback                  0x08007379   Thumb Code     8  netif.o(i.netif_set_link_callback)
    netif_set_link_down                      0x08007381   Thumb Code    42  netif.o(i.netif_set_link_down)
    netif_set_link_up                        0x0800742d   Thumb Code    70  netif.o(i.netif_set_link_up)
    netif_set_up                             0x080074f5   Thumb Code    40  netif.o(i.netif_set_up)
    osDelay                                  0x08007595   Thumb Code    26  cmsis_os2.o(i.osDelay)
    osKernelGetTickCount                     0x080075af   Thumb Code    14  cmsis_os2.o(i.osKernelGetTickCount)
    osKernelInitialize                       0x080075bd   Thumb Code    32  cmsis_os2.o(i.osKernelInitialize)
    osKernelStart                            0x080075e1   Thumb Code    48  cmsis_os2.o(i.osKernelStart)
    osMessageQueueGet                        0x08007619   Thumb Code    96  cmsis_os2.o(i.osMessageQueueGet)
    osMessageQueueNew                        0x0800767d   Thumb Code    88  cmsis_os2.o(i.osMessageQueueNew)
    osMessageQueuePut                        0x080076d5   Thumb Code   100  cmsis_os2.o(i.osMessageQueuePut)
    osMutexAcquire                           0x0800773d   Thumb Code    82  cmsis_os2.o(i.osMutexAcquire)
    osMutexNew                               0x0800778f   Thumb Code   104  cmsis_os2.o(i.osMutexNew)
    osMutexRelease                           0x080077f7   Thumb Code    66  cmsis_os2.o(i.osMutexRelease)
    osSemaphoreAcquire                       0x08007839   Thumb Code    88  cmsis_os2.o(i.osSemaphoreAcquire)
    osSemaphoreNew                           0x08007895   Thumb Code   152  cmsis_os2.o(i.osSemaphoreNew)
    osSemaphoreRelease                       0x0800792d   Thumb Code    82  cmsis_os2.o(i.osSemaphoreRelease)
    osThreadNew                              0x08007985   Thumb Code   138  cmsis_os2.o(i.osThreadNew)
    pbuf_add_header                          0x08007a0f   Thumb Code     6  pbuf.o(i.pbuf_add_header)
    pbuf_alloc                               0x08007ad5   Thumb Code   336  pbuf.o(i.pbuf_alloc)
    pbuf_alloc_reference                     0x08007d31   Thumb Code    68  pbuf.o(i.pbuf_alloc_reference)
    pbuf_alloced_custom                      0x08007de1   Thumb Code    54  pbuf.o(i.pbuf_alloced_custom)
    pbuf_cat                                 0x08007e19   Thumb Code    96  pbuf.o(i.pbuf_cat)
    pbuf_chain                               0x08007f49   Thumb Code    18  pbuf.o(i.pbuf_chain)
    pbuf_clen                                0x08007f5b   Thumb Code    18  pbuf.o(i.pbuf_clen)
    pbuf_clone                               0x08007f6d   Thumb Code    48  pbuf.o(i.pbuf_clone)
    pbuf_copy                                0x08008009   Thumb Code   232  pbuf.o(i.pbuf_copy)
    pbuf_copy_partial                        0x080081e9   Thumb Code   124  pbuf.o(i.pbuf_copy_partial)
    pbuf_free                                0x08008301   Thumb Code   176  pbuf.o(i.pbuf_free)
    pbuf_free_custom                         0x08008465   Thumb Code    34  ethernetif.o(i.pbuf_free_custom)
    pbuf_header_force                        0x080084c5   Thumb Code     6  pbuf.o(i.pbuf_header_force)
    pbuf_realloc                             0x080084f5   Thumb Code   142  pbuf.o(i.pbuf_realloc)
    pbuf_ref                                 0x08008629   Thumb Code    46  pbuf.o(i.pbuf_ref)
    pbuf_remove_header                       0x080086c5   Thumb Code    74  pbuf.o(i.pbuf_remove_header)
    pvPortMalloc                             0x080090ed   Thumb Code   216  heap_4.o(i.pvPortMalloc)
    pvTaskIncrementMutexHeldCount            0x080091c9   Thumb Code    18  tasks.o(i.pvTaskIncrementMutexHeldCount)
    pxPortInitialiseStack                    0x080091e1   Thumb Code    40  port.o(i.pxPortInitialiseStack)
    sys_arch_mbox_fetch                      0x0800920d   Thumb Code    62  sys_arch.o(i.sys_arch_mbox_fetch)
    sys_arch_protect                         0x0800924d   Thumb Code    18  sys_arch.o(i.sys_arch_protect)
    sys_arch_unprotect                       0x08009265   Thumb Code     8  sys_arch.o(i.sys_arch_unprotect)
    sys_check_timeouts                       0x08009271   Thumb Code    62  timeouts.o(i.sys_check_timeouts)
    sys_init                                 0x080092b5   Thumb Code    14  sys_arch.o(i.sys_init)
    sys_mbox_new                             0x080092c9   Thumb Code    30  sys_arch.o(i.sys_mbox_new)
    sys_mbox_trypost                         0x080092e7   Thumb Code    24  sys_arch.o(i.sys_mbox_trypost)
    sys_mbox_valid                           0x080092ff   Thumb Code    10  sys_arch.o(i.sys_mbox_valid)
    sys_mutex_lock                           0x08009309   Thumb Code    10  sys_arch.o(i.sys_mutex_lock)
    sys_mutex_new                            0x08009313   Thumb Code    24  sys_arch.o(i.sys_mutex_new)
    sys_mutex_unlock                         0x0800932b   Thumb Code     6  sys_arch.o(i.sys_mutex_unlock)
    sys_now                                  0x08009331   Thumb Code     4  ethernetif.o(i.sys_now)
    sys_thread_new                           0x08009335   Thumb Code    46  sys_arch.o(i.sys_thread_new)
    sys_timeout                              0x08009365   Thumb Code    46  timeouts.o(i.sys_timeout)
    sys_timeouts_init                        0x08009521   Thumb Code    30  timeouts.o(i.sys_timeouts_init)
    sys_timeouts_sleeptime                   0x08009549   Thumb Code    34  timeouts.o(i.sys_timeouts_sleeptime)
    tcp_abandon                              0x08009571   Thumb Code   256  tcp.o(i.tcp_abandon)
    tcp_abort                                0x0800971d   Thumb Code     6  tcp.o(i.tcp_abort)
    tcp_alloc                                0x08009725   Thumb Code   280  tcp.o(i.tcp_alloc)
    tcp_close                                0x08009849   Thumb Code    48  tcp.o(i.tcp_close)
    tcp_eff_send_mss_netif                   0x08009d09   Thumb Code    54  tcp.o(i.tcp_eff_send_mss_netif)
    tcp_enqueue_flags                        0x08009dc1   Thumb Code   268  tcp_out.o(i.tcp_enqueue_flags)
    tcp_fasttmr                              0x08009ff5   Thumb Code   102  tcp.o(i.tcp_fasttmr)
    tcp_free                                 0x0800a061   Thumb Code    34  tcp.o(i.tcp_free)
    tcp_free_ooseq                           0x0800a22d   Thumb Code    20  tcp.o(i.tcp_free_ooseq)
    tcp_init                                 0x0800a269   Thumb Code    20  tcp.o(i.tcp_init)
    tcp_input                                0x0800a281   Thumb Code  1584  tcp_in.o(i.tcp_input)
    tcp_keepalive                            0x0800a9a5   Thumb Code    82  tcp_out.o(i.tcp_keepalive)
    tcp_netif_ip_addr_changed                0x0800ad35   Thumb Code    70  tcp.o(i.tcp_netif_ip_addr_changed)
    tcp_next_iss                             0x0800ae41   Thumb Code    32  tcp.o(i.tcp_next_iss)
    tcp_output                               0x0800afe5   Thumb Code   552  tcp_out.o(i.tcp_output)
    tcp_pcb_purge                            0x0800b9d9   Thumb Code    88  tcp.o(i.tcp_pcb_purge)
    tcp_pcb_remove                           0x0800baa5   Thumb Code   174  tcp.o(i.tcp_pcb_remove)
    tcp_process_refused_data                 0x0800c0f9   Thumb Code   132  tcp.o(i.tcp_process_refused_data)
    tcp_recv_null                            0x0800cb01   Thumb Code    60  tcp.o(i.tcp_recv_null)
    tcp_recved                               0x0800cbb1   Thumb Code   104  tcp.o(i.tcp_recved)
    tcp_rexmit                               0x0800cd09   Thumb Code   118  tcp_out.o(i.tcp_rexmit)
    tcp_rexmit_fast                          0x0800cdf5   Thumb Code   108  tcp_out.o(i.tcp_rexmit_fast)
    tcp_rexmit_rto                           0x0800cedd   Thumb Code    42  tcp_out.o(i.tcp_rexmit_rto)
    tcp_rexmit_rto_commit                    0x0800cf81   Thumb Code    44  tcp_out.o(i.tcp_rexmit_rto_commit)
    tcp_rexmit_rto_prepare                   0x0800d02d   Thumb Code   118  tcp_out.o(i.tcp_rexmit_rto_prepare)
    tcp_rst                                  0x0800d135   Thumb Code   128  tcp_out.o(i.tcp_rst)
    tcp_seg_copy                             0x0800d249   Thumb Code    56  tcp.o(i.tcp_seg_copy)
    tcp_seg_free                             0x0800d2f5   Thumb Code    28  tcp.o(i.tcp_seg_free)
    tcp_segs_free                            0x0800d311   Thumb Code    18  tcp.o(i.tcp_segs_free)
    tcp_send_empty_ack                       0x0800d325   Thumb Code   110  tcp_out.o(i.tcp_send_empty_ack)
    tcp_send_fin                             0x0800d411   Thumb Code    84  tcp_out.o(i.tcp_send_fin)
    tcp_slowtmr                              0x0800d4dd   Thumb Code  1360  tcp.o(i.tcp_slowtmr)
    tcp_split_unsent_seg                     0x0800daad   Thumb Code   360  tcp_out.o(i.tcp_split_unsent_seg)
    tcp_timer_needed                         0x0800dcd9   Thumb Code    36  timeouts.o(i.tcp_timer_needed)
    tcp_tmr                                  0x0800de0d   Thumb Code    28  tcp.o(i.tcp_tmr)
    tcp_trigger_input_pcb_close              0x0800de2d   Thumb Code    12  tcp_in.o(i.tcp_trigger_input_pcb_close)
    tcp_update_rcv_ann_wnd                   0x0800de3d   Thumb Code    92  tcp.o(i.tcp_update_rcv_ann_wnd)
    tcp_zero_window_probe                    0x0800df31   Thumb Code   190  tcp_out.o(i.tcp_zero_window_probe)
    tcpip_init                               0x0800e071   Thumb Code    88  tcpip.o(i.tcpip_init)
    tcpip_inpkt                              0x0800e181   Thumb Code    82  tcpip.o(i.tcpip_inpkt)
    tcpip_input                              0x0800e241   Thumb Code    20  tcpip.o(i.tcpip_input)
    tcpip_try_callback                       0x0800e459   Thumb Code    78  tcpip.o(i.tcpip_try_callback)
    udp_bind                                 0x0800e515   Thumb Code   186  udp.o(i.udp_bind)
    udp_connect                              0x0800e649   Thumb Code   108  udp.o(i.udp_connect)
    udp_init                                 0x0800e749   Thumb Code    20  udp.o(i.udp_init)
    udp_input                                0x0800e761   Thumb Code   310  udp.o(i.udp_input)
    udp_netif_ip_addr_changed                0x0800ea55   Thumb Code    48  udp.o(i.udp_netif_ip_addr_changed)
    udp_new                                  0x0800ea89   Thumb Code    26  udp.o(i.udp_new)
    udp_recv                                 0x0800eaa5   Thumb Code    22  udp.o(i.udp_recv)
    udp_remove                               0x0800eb2d   Thumb Code    58  udp.o(i.udp_remove)
    udp_sendto_if                            0x0800ebdd   Thumb Code   110  udp.o(i.udp_sendto_if)
    udp_sendto_if_src                        0x0800ed1d   Thumb Code   274  udp.o(i.udp_sendto_if_src)
    uxListRemove                             0x0800ef65   Thumb Code    38  list.o(i.uxListRemove)
    vApplicationGetIdleTaskMemory            0x0800ef8d   Thumb Code    16  cmsis_os2.o(i.vApplicationGetIdleTaskMemory)
    vApplicationGetTimerTaskMemory           0x0800efa1   Thumb Code    18  cmsis_os2.o(i.vApplicationGetTimerTaskMemory)
    vListInitialise                          0x0800efb9   Thumb Code    22  list.o(i.vListInitialise)
    vListInitialiseItem                      0x0800efcf   Thumb Code     6  list.o(i.vListInitialiseItem)
    vListInsert                              0x0800efd5   Thumb Code    48  list.o(i.vListInsert)
    vListInsertEnd                           0x0800f005   Thumb Code    24  list.o(i.vListInsertEnd)
    vPortEnterCritical                       0x0800f01d   Thumb Code    54  port.o(i.vPortEnterCritical)
    vPortExitCritical                        0x0800f05d   Thumb Code    34  port.o(i.vPortExitCritical)
    vPortFree                                0x0800f085   Thumb Code    94  heap_4.o(i.vPortFree)
    vPortSetupTimerInterrupt                 0x0800f0e9   Thumb Code    32  port.o(i.vPortSetupTimerInterrupt)
    vPortValidateInterruptPriority           0x0800f10d   Thumb Code    74  port.o(i.vPortValidateInterruptPriority)
    vQueueAddToRegistry                      0x0800f161   Thumb Code    34  queue.o(i.vQueueAddToRegistry)
    vQueueDelete                             0x0800f189   Thumb Code    46  queue.o(i.vQueueDelete)
    vQueueUnregisterQueue                    0x0800f1b9   Thumb Code    36  queue.o(i.vQueueUnregisterQueue)
    vQueueWaitForMessageRestricted           0x0800f1e1   Thumb Code    68  queue.o(i.vQueueWaitForMessageRestricted)
    vTaskDelay                               0x0800f225   Thumb Code    66  tasks.o(i.vTaskDelay)
    vTaskInternalSetTimeOutState             0x0800f271   Thumb Code    12  tasks.o(i.vTaskInternalSetTimeOutState)
    vTaskMissedYield                         0x0800f281   Thumb Code     8  tasks.o(i.vTaskMissedYield)
    vTaskPlaceOnEventList                    0x0800f28d   Thumb Code    44  tasks.o(i.vTaskPlaceOnEventList)
    vTaskPlaceOnEventListRestricted          0x0800f2bd   Thumb Code    52  tasks.o(i.vTaskPlaceOnEventListRestricted)
    vTaskPriorityDisinheritAfterTimeout      0x0800f2f5   Thumb Code   134  tasks.o(i.vTaskPriorityDisinheritAfterTimeout)
    vTaskStartScheduler                      0x0800f385   Thumb Code   118  tasks.o(i.vTaskStartScheduler)
    vTaskSuspendAll                          0x0800f40d   Thumb Code    10  tasks.o(i.vTaskSuspendAll)
    vTaskSwitchContext                       0x0800f41d   Thumb Code    90  tasks.o(i.vTaskSwitchContext)
    xPortStartScheduler                      0x0800f481   Thumb Code   222  port.o(i.xPortStartScheduler)
    xPortSysTickHandler                      0x0800f575   Thumb Code    38  port.o(i.xPortSysTickHandler)
    xQueueCreateCountingSemaphore            0x0800f5a1   Thumb Code    58  queue.o(i.xQueueCreateCountingSemaphore)
    xQueueCreateCountingSemaphoreStatic      0x0800f5db   Thumb Code    64  queue.o(i.xQueueCreateCountingSemaphoreStatic)
    xQueueCreateMutex                        0x0800f61b   Thumb Code    22  queue.o(i.xQueueCreateMutex)
    xQueueCreateMutexStatic                  0x0800f631   Thumb Code    26  queue.o(i.xQueueCreateMutexStatic)
    xQueueGenericCreate                      0x0800f64b   Thumb Code    66  queue.o(i.xQueueGenericCreate)
    xQueueGenericCreateStatic                0x0800f68d   Thumb Code   102  queue.o(i.xQueueGenericCreateStatic)
    xQueueGenericReset                       0x0800f6f5   Thumb Code   132  queue.o(i.xQueueGenericReset)
    xQueueGenericSend                        0x0800f77d   Thumb Code   346  queue.o(i.xQueueGenericSend)
    xQueueGenericSendFromISR                 0x0800f8dd   Thumb Code   190  queue.o(i.xQueueGenericSendFromISR)
    xQueueGiveFromISR                        0x0800f99b   Thumb Code   156  queue.o(i.xQueueGiveFromISR)
    xQueueGiveMutexRecursive                 0x0800fa37   Thumb Code    62  queue.o(i.xQueueGiveMutexRecursive)
    xQueueReceive                            0x0800fa75   Thumb Code   308  queue.o(i.xQueueReceive)
    xQueueReceiveFromISR                     0x0800fbad   Thumb Code   154  queue.o(i.xQueueReceiveFromISR)
    xQueueSemaphoreTake                      0x0800fc49   Thumb Code   372  queue.o(i.xQueueSemaphoreTake)
    xQueueTakeMutexRecursive                 0x0800fdc1   Thumb Code    64  queue.o(i.xQueueTakeMutexRecursive)
    xTaskCheckForTimeOut                     0x0800fe01   Thumb Code   112  tasks.o(i.xTaskCheckForTimeOut)
    xTaskCreate                              0x0800fe75   Thumb Code    90  tasks.o(i.xTaskCreate)
    xTaskCreateStatic                        0x0800fecf   Thumb Code    86  tasks.o(i.xTaskCreateStatic)
    xTaskGetCurrentTaskHandle                0x0800ff25   Thumb Code     6  tasks.o(i.xTaskGetCurrentTaskHandle)
    xTaskGetSchedulerState                   0x0800ff31   Thumb Code    22  tasks.o(i.xTaskGetSchedulerState)
    xTaskGetTickCount                        0x0800ff4d   Thumb Code     6  tasks.o(i.xTaskGetTickCount)
    xTaskGetTickCountFromISR                 0x0800ff59   Thumb Code    12  tasks.o(i.xTaskGetTickCountFromISR)
    xTaskIncrementTick                       0x0800ff69   Thumb Code   192  tasks.o(i.xTaskIncrementTick)
    xTaskPriorityDisinherit                  0x08010031   Thumb Code   118  tasks.o(i.xTaskPriorityDisinherit)
    xTaskPriorityInherit                     0x080100b1   Thumb Code   112  tasks.o(i.xTaskPriorityInherit)
    xTaskRemoveFromEventList                 0x08010129   Thumb Code    98  tasks.o(i.xTaskRemoveFromEventList)
    xTaskResumeAll                           0x08010199   Thumb Code   182  tasks.o(i.xTaskResumeAll)
    xTimerCreateTimerTask                    0x0801025d   Thumb Code    78  timers.o(i.xTimerCreateTimerTask)
    xTimerGenericCommand                     0x080102bd   Thumb Code    98  timers.o(i.xTimerGenericCommand)
    defaultTask_attributes                   0x08010324   Data          36  main.o(.constdata)
    memp_RX_POOL                             0x08010348   Data          12  ethernetif.o(.constdata)
    AHBPrescTable                            0x08010354   Data          16  system_stm32f4xx.o(.constdata)
    APBPrescTable                            0x08010364   Data           8  system_stm32f4xx.o(.constdata)
    ethbroadcast                             0x0801036c   Data           6  ethernet.o(.constdata)
    ethzero                                  0x08010372   Data           6  ethernet.o(.constdata)
    memp_UDP_PCB                             0x08010378   Data          12  memp.o(.constdata)
    memp_TCP_PCB                             0x08010384   Data          12  memp.o(.constdata)
    memp_TCP_PCB_LISTEN                      0x08010390   Data          12  memp.o(.constdata)
    memp_TCP_SEG                             0x0801039c   Data          12  memp.o(.constdata)
    memp_REASSDATA                           0x080103a8   Data          12  memp.o(.constdata)
    memp_FRAG_PBUF                           0x080103b4   Data          12  memp.o(.constdata)
    memp_NETBUF                              0x080103c0   Data          12  memp.o(.constdata)
    memp_NETCONN                             0x080103cc   Data          12  memp.o(.constdata)
    memp_TCPIP_MSG_API                       0x080103d8   Data          12  memp.o(.constdata)
    memp_TCPIP_MSG_INPKT                     0x080103e4   Data          12  memp.o(.constdata)
    memp_SYS_TIMEOUT                         0x080103f0   Data          12  memp.o(.constdata)
    memp_PBUF                                0x080103fc   Data          12  memp.o(.constdata)
    memp_PBUF_POOL                           0x08010408   Data          12  memp.o(.constdata)
    memp_pools                               0x08010414   Data          52  memp.o(.constdata)
    tcp_pcb_lists                            0x0801048c   Data          16  tcp.o(.constdata)
    lwip_cyclic_timers                       0x0801049c   Data          40  timeouts.o(.constdata)
    ip_addr_any                              0x080104c4   Data           4  ip4_addr.o(.constdata)
    ip_addr_broadcast                        0x080104c8   Data           4  ip4_addr.o(.constdata)
    Region$$Table$$Base                      0x08010630   Number         0  anon$$obj.o(Region$$Table)
    Region$$Table$$Limit                     0x08010670   Number         0  anon$$obj.o(Region$$Table)
    defaultTaskHandle                        0x20000000   Data           4  main.o(.data)
    RxPktSemaphore                           0x20000008   Data           4  ethernetif.o(.data)
    TxPktSemaphore                           0x2000000c   Data           4  ethernetif.o(.data)
    LAN8742_IOCtx                            0x20000010   Data          20  ethernetif.o(.data)
    uwTickFreq                               0x20000024   Data           1  stm32f4xx_hal.o(.data)
    uwTickPrio                               0x20000028   Data           4  stm32f4xx_hal.o(.data)
    uwTick                                   0x2000002c   Data           4  stm32f4xx_hal.o(.data)
    SystemCoreClock                          0x20000030   Data           4  system_stm32f4xx.o(.data)
    lock_tcpip_core                          0x20000054   Data           4  tcpip.o(.data)
    netif_list                               0x20000078   Data           4  netif.o(.data)
    netif_default                            0x2000007c   Data           4  netif.o(.data)
    tcp_active_pcbs_changed                  0x20000080   Data           1  tcp.o(.data)
    tcp_ticks                                0x2000008c   Data           4  tcp.o(.data)
    tcp_bound_pcbs                           0x20000090   Data           4  tcp.o(.data)
    tcp_listen_pcbs                          0x20000094   Data           4  tcp.o(.data)
    tcp_active_pcbs                          0x20000098   Data           4  tcp.o(.data)
    tcp_tw_pcbs                              0x2000009c   Data           4  tcp.o(.data)
    tcp_input_pcb                            0x200000c0   Data           4  tcp_in.o(.data)
    udp_pcbs                                 0x200000c8   Data           4  udp.o(.data)
    memp_memory_RX_POOL_base                 0x200000d4   Data       18819  ethernetif.o(.bss)
    xQueueRegistry                           0x20004a58   Data          64  queue.o(.bss)
    ip_data                                  0x20011a68   Data          24  ip.o(.bss)
    ram_heap                                 0x20011a80   Data        1619  mem.o(.bss)
    memp_memory_UDP_PCB_base                 0x200120d3   Data         131  memp.o(.bss)
    memp_memory_TCP_PCB_base                 0x20012156   Data         783  memp.o(.bss)
    memp_memory_TCP_PCB_LISTEN_base          0x20012465   Data         227  memp.o(.bss)
    memp_memory_NETCONN_base                 0x20012548   Data         163  memp.o(.bss)
    memp_memory_TCPIP_MSG_INPKT_base         0x200125eb   Data         131  memp.o(.bss)
    memp_memory_SYS_TIMEOUT_base             0x2001266e   Data          83  memp.o(.bss)
    memp_memory_PBUF_base                    0x200126c1   Data         259  memp.o(.bss)
    memp_memory_PBUF_POOL_base               0x200127c4   Data        9731  memp.o(.bss)
    __initial_sp                             0x20018dd8   Data           0  startup_stm32f407xx.o(STACK)
    ipaddr                                   0x2001c004   Data           4  lwip.o(.data)
    netmask                                  0x2001c008   Data           4  lwip.o(.data)
    gw                                       0x2001c00c   Data           4  lwip.o(.data)
    pxCurrentTCB                             0x2001c010   Data           4  tasks.o(.data)
    pbuf_free_ooseq_pending                  0x2001c0a4   Data           1  pbuf.o(.data)
    dhcp_rx_options_given                    0x2001c0c0   Data           8  dhcp.o(.data)
    lwip_sys_mutex                           0x2001c0d0   Data           4  sys_arch.o(.data)
    __stdout                                 0x2001c0d4   Data           4  stdout.o(.data)
    huart1                                   0x2001c0d8   Data          68  main.o(.bss)
    huart3                                   0x2001c11c   Data          68  main.o(.bss)
    htim6                                    0x2001c160   Data          72  stm32f4xx_hal_timebase_tim.o(.bss)
    DMARxDscrTab                             0x2001c1a8   Data         160  ethernetif.o(.bss)
    DMATxDscrTab                             0x2001c248   Data         160  ethernetif.o(.bss)
    heth                                     0x2001c2e8   Data         176  ethernetif.o(.bss)
    TxConfig                                 0x2001c398   Data          56  ethernetif.o(.bss)
    LAN8742                                  0x2001c3d0   Data          32  ethernetif.o(.bss)
    gnetif                                   0x2001c3f0   Data          56  lwip.o(.bss)
    attributes                               0x2001c428   Data          36  lwip.o(.bss)
    memp_memory_TCP_SEG_base                 0x2001c910   Data         259  memp.o(.bss)
    memp_memory_REASSDATA_base               0x2001ca13   Data         163  memp.o(.bss)
    memp_memory_FRAG_PBUF_base               0x2001cab6   Data         363  memp.o(.bss)
    memp_memory_NETBUF_base                  0x2001cc21   Data          35  memp.o(.bss)
    memp_memory_TCPIP_MSG_API_base           0x2001cc44   Data         131  memp.o(.bss)
    dhcp_rx_options_val                      0x2001ccc8   Data          32  dhcp.o(.bss)



==============================================================================

Memory Map of the image

  Image Entry point : 0x08000189

  Load Region LR_IROM1 (Base: 0x08000000, Size: 0x0001081c, Max: 0x00080000, ABSOLUTE)

    Execution Region ER_IROM1 (Exec base: 0x08000000, Load base: 0x08000000, Size: 0x00010670, Max: 0x00080000, ABSOLUTE)

    Exec Addr    Load Addr    Size         Type   Attr      Idx    E Section Name        Object

    0x08000000   0x08000000   0x00000188   Data   RO            3    RESET               startup_stm32f407xx.o
    0x08000188   0x08000188   0x00000000   Code   RO        10173  * .ARM.Collect$$$$00000000  mc_w.l(entry.o)
    0x08000188   0x08000188   0x00000004   Code   RO        10490    .ARM.Collect$$$$00000001  mc_w.l(entry2.o)
    0x0800018c   0x0800018c   0x00000004   Code   RO        10493    .ARM.Collect$$$$00000004  mc_w.l(entry5.o)
    0x08000190   0x08000190   0x00000000   Code   RO        10495    .ARM.Collect$$$$00000008  mc_w.l(entry7b.o)
    0x08000190   0x08000190   0x00000000   Code   RO        10497    .ARM.Collect$$$$0000000A  mc_w.l(entry8b.o)
    0x08000190   0x08000190   0x00000008   Code   RO        10498    .ARM.Collect$$$$0000000B  mc_w.l(entry9a.o)
    0x08000198   0x08000198   0x00000004   Code   RO        10505    .ARM.Collect$$$$0000000E  mc_w.l(entry12b.o)
    0x0800019c   0x0800019c   0x00000000   Code   RO        10500    .ARM.Collect$$$$0000000F  mc_w.l(entry10a.o)
    0x0800019c   0x0800019c   0x00000000   Code   RO        10502    .ARM.Collect$$$$00000011  mc_w.l(entry11a.o)
    0x0800019c   0x0800019c   0x00000004   Code   RO        10491    .ARM.Collect$$$$00002712  mc_w.l(entry2.o)
    0x080001a0   0x080001a0   0x000000be   Code   RO         5377    .emb_text           port.o
    0x0800025e   0x0800025e   0x00000002   PAD
    0x08000260   0x08000260   0x00000024   Code   RO            4    .text               startup_stm32f407xx.o
    0x08000284   0x08000284   0x00000062   Code   RO        10176    .text               mc_w.l(uldiv.o)
    0x080002e6   0x080002e6   0x00000002   PAD
    0x080002e8   0x080002e8   0x00000024   Code   RO        10206    .text               mc_w.l(rand.o)
    0x0800030c   0x0800030c   0x00000040   Code   RO        10211    .text               mc_w.l(memmovea.o)
    0x0800034c   0x0800034c   0x00000024   Code   RO        10215    .text               mc_w.l(memseta.o)
    0x08000370   0x08000370   0x0000001a   Code   RO        10219    .text               mc_w.l(memcmp.o)
    0x0800038a   0x0800038a   0x0000002c   Code   RO        10509    .text               mc_w.l(uidiv.o)
    0x080003b6   0x080003b6   0x0000001e   Code   RO        10511    .text               mc_w.l(llshl.o)
    0x080003d4   0x080003d4   0x00000020   Code   RO        10513    .text               mc_w.l(llushr.o)
    0x080003f4   0x080003f4   0x00000024   Code   RO        10535    .text               mc_w.l(init.o)
    0x08000418   0x08000418   0x00000000   Code   RO        10537    .text               mc_w.l(semi.o)
    0x08000418   0x08000418   0x00000000   Code   RO        10542    .text               mc_w.l(iusesemip.o)
    0x08000418   0x08000418   0x00000056   Code   RO        10555    .text               mc_w.l(__dczerorl2.o)
    0x0800046e   0x0800046e   0x00000002   Code   RO          373    i.BusFault_Handler  stm32f4xx_it.o
    0x08000470   0x08000470   0x00000002   Code   RO          374    i.DebugMon_Handler  stm32f4xx_it.o
    0x08000472   0x08000472   0x00000002   PAD
    0x08000474   0x08000474   0x0000006a   Code   RO         1990    i.ETH_DMARxDescListInit  stm32f4xx_hal_eth.o
    0x080004de   0x080004de   0x0000002e   Code   RO         1991    i.ETH_FlushTransmitFIFO  stm32f4xx_hal_eth.o
    0x0800050c   0x0800050c   0x0000000c   Code   RO          375    i.ETH_IRQHandler    stm32f4xx_it.o
    0x08000518   0x08000518   0x0000009a   Code   RO         1992    i.ETH_MACDMAConfig  stm32f4xx_hal_eth.o
    0x080005b2   0x080005b2   0x00000004   Code   RO          524    i.ETH_PHY_IO_DeInit  ethernetif.o
    0x080005b6   0x080005b6   0x00000004   Code   RO          525    i.ETH_PHY_IO_GetTick  ethernetif.o
    0x080005ba   0x080005ba   0x00000002   PAD
    0x080005bc   0x080005bc   0x00000010   Code   RO          526    i.ETH_PHY_IO_Init   ethernetif.o
    0x080005cc   0x080005cc   0x0000001c   Code   RO          527    i.ETH_PHY_IO_ReadReg  ethernetif.o
    0x080005e8   0x080005e8   0x0000001c   Code   RO          528    i.ETH_PHY_IO_WriteReg  ethernetif.o
    0x08000604   0x08000604   0x00000162   Code   RO         1993    i.ETH_Prepare_Tx_Descriptors  stm32f4xx_hal_eth.o
    0x08000766   0x08000766   0x00000002   PAD
    0x08000768   0x08000768   0x000000c0   Code   RO         1994    i.ETH_SetDMAConfig  stm32f4xx_hal_eth.o
    0x08000828   0x08000828   0x000000f8   Code   RO         1995    i.ETH_SetMACConfig  stm32f4xx_hal_eth.o
    0x08000920   0x08000920   0x0000008c   Code   RO         1996    i.ETH_UpdateDescriptor  stm32f4xx_hal_eth.o
    0x080009ac   0x080009ac   0x0000000c   Code   RO          376    i.ETH_WKUP_IRQHandler  stm32f4xx_it.o
    0x080009b8   0x080009b8   0x00000004   Code   RO           13    i.Error_Handler     main.o
    0x080009bc   0x080009bc   0x00000024   Code   RO         1739    i.HAL_Delay         stm32f4xx_hal.o
    0x080009e0   0x080009e0   0x0000001c   Code   RO          529    i.HAL_ETH_ErrorCallback  ethernetif.o
    0x080009fc   0x080009fc   0x00000006   Code   RO         2002    i.HAL_ETH_GetDMAError  stm32f4xx_hal_eth.o
    0x08000a02   0x08000a02   0x000000de   Code   RO         2004    i.HAL_ETH_GetMACConfig  stm32f4xx_hal_eth.o
    0x08000ae0   0x08000ae0   0x000000d0   Code   RO         2010    i.HAL_ETH_IRQHandler  stm32f4xx_hal_eth.o
    0x08000bb0   0x08000bb0   0x00000118   Code   RO         2011    i.HAL_ETH_Init      stm32f4xx_hal_eth.o
    0x08000cc8   0x08000cc8   0x00000118   Code   RO          531    i.HAL_ETH_MspInit   ethernetif.o
    0x08000de0   0x08000de0   0x00000002   Code   RO         2014    i.HAL_ETH_PMTCallback  stm32f4xx_hal_eth.o
    0x08000de2   0x08000de2   0x000000ec   Code   RO         2015    i.HAL_ETH_ReadData  stm32f4xx_hal_eth.o
    0x08000ece   0x08000ece   0x00000002   PAD
    0x08000ed0   0x08000ed0   0x00000062   Code   RO         2016    i.HAL_ETH_ReadPHYRegister  stm32f4xx_hal_eth.o
    0x08000f32   0x08000f32   0x00000002   PAD
    0x08000f34   0x08000f34   0x00000058   Code   RO         2020    i.HAL_ETH_ReleaseTxPacket  stm32f4xx_hal_eth.o
    0x08000f8c   0x08000f8c   0x00000048   Code   RO          532    i.HAL_ETH_RxAllocateCallback  ethernetif.o
    0x08000fd4   0x08000fd4   0x0000000c   Code   RO          533    i.HAL_ETH_RxCpltCallback  ethernetif.o
    0x08000fe0   0x08000fe0   0x0000002a   Code   RO          534    i.HAL_ETH_RxLinkCallback  ethernetif.o
    0x0800100a   0x0800100a   0x00000018   Code   RO         2026    i.HAL_ETH_SetMACConfig  stm32f4xx_hal_eth.o
    0x08001022   0x08001022   0x00000002   PAD
    0x08001024   0x08001024   0x00000074   Code   RO         2028    i.HAL_ETH_SetMDIOClockRange  stm32f4xx_hal_eth.o
    0x08001098   0x08001098   0x000000bc   Code   RO         2033    i.HAL_ETH_Start_IT  stm32f4xx_hal_eth.o
    0x08001154   0x08001154   0x000000a0   Code   RO         2035    i.HAL_ETH_Stop_IT   stm32f4xx_hal_eth.o
    0x080011f4   0x080011f4   0x00000066   Code   RO         2037    i.HAL_ETH_Transmit_IT  stm32f4xx_hal_eth.o
    0x0800125a   0x0800125a   0x00000002   PAD
    0x0800125c   0x0800125c   0x0000000c   Code   RO          535    i.HAL_ETH_TxCpltCallback  ethernetif.o
    0x08001268   0x08001268   0x00000004   Code   RO          536    i.HAL_ETH_TxFreeCallback  ethernetif.o
    0x0800126c   0x0800126c   0x00000002   Code   RO         2043    i.HAL_ETH_WakeUpCallback  stm32f4xx_hal_eth.o
    0x0800126e   0x0800126e   0x00000002   PAD
    0x08001270   0x08001270   0x00000056   Code   RO         2044    i.HAL_ETH_WritePHYRegister  stm32f4xx_hal_eth.o
    0x080012c6   0x080012c6   0x00000002   PAD
    0x080012c8   0x080012c8   0x000001f0   Code   RO         1213    i.HAL_GPIO_Init     stm32f4xx_hal_gpio.o
    0x080014b8   0x080014b8   0x0000000a   Code   RO         1217    i.HAL_GPIO_WritePin  stm32f4xx_hal_gpio.o
    0x080014c2   0x080014c2   0x00000002   PAD
    0x080014c4   0x080014c4   0x0000000c   Code   RO         1745    i.HAL_GetTick       stm32f4xx_hal.o
    0x080014d0   0x080014d0   0x00000010   Code   RO         1751    i.HAL_IncTick       stm32f4xx_hal.o
    0x080014e0   0x080014e0   0x00000034   Code   RO         1752    i.HAL_Init          stm32f4xx_hal.o
    0x08001514   0x08001514   0x00000098   Code   RO          485    i.HAL_InitTick      stm32f4xx_hal_timebase_tim.o
    0x080015ac   0x080015ac   0x00000038   Code   RO          449    i.HAL_MspInit       stm32f4xx_hal_msp.o
    0x080015e4   0x080015e4   0x0000001a   Code   RO         1602    i.HAL_NVIC_EnableIRQ  stm32f4xx_hal_cortex.o
    0x080015fe   0x080015fe   0x00000002   PAD
    0x08001600   0x08001600   0x00000040   Code   RO         1608    i.HAL_NVIC_SetPriority  stm32f4xx_hal_cortex.o
    0x08001640   0x08001640   0x00000024   Code   RO         1609    i.HAL_NVIC_SetPriorityGrouping  stm32f4xx_hal_cortex.o
    0x08001664   0x08001664   0x00000134   Code   RO          859    i.HAL_RCC_ClockConfig  stm32f4xx_hal_rcc.o
    0x08001798   0x08001798   0x00000040   Code   RO          863    i.HAL_RCC_GetClockConfig  stm32f4xx_hal_rcc.o
    0x080017d8   0x080017d8   0x0000000c   Code   RO          864    i.HAL_RCC_GetHCLKFreq  stm32f4xx_hal_rcc.o
    0x080017e4   0x080017e4   0x00000020   Code   RO          866    i.HAL_RCC_GetPCLK1Freq  stm32f4xx_hal_rcc.o
    0x08001804   0x08001804   0x00000020   Code   RO          867    i.HAL_RCC_GetPCLK2Freq  stm32f4xx_hal_rcc.o
    0x08001824   0x08001824   0x00000060   Code   RO          868    i.HAL_RCC_GetSysClockFreq  stm32f4xx_hal_rcc.o
    0x08001884   0x08001884   0x0000036c   Code   RO          871    i.HAL_RCC_OscConfig  stm32f4xx_hal_rcc.o
    0x08001bf0   0x08001bf0   0x00000002   Code   RO         3037    i.HAL_TIMEx_BreakCallback  stm32f4xx_hal_tim_ex.o
    0x08001bf2   0x08001bf2   0x00000002   Code   RO         3038    i.HAL_TIMEx_CommutCallback  stm32f4xx_hal_tim_ex.o
    0x08001bf4   0x08001bf4   0x0000005a   Code   RO         2333    i.HAL_TIM_Base_Init  stm32f4xx_hal_tim.o
    0x08001c4e   0x08001c4e   0x00000002   Code   RO         2335    i.HAL_TIM_Base_MspInit  stm32f4xx_hal_tim.o
    0x08001c50   0x08001c50   0x00000080   Code   RO         2338    i.HAL_TIM_Base_Start_IT  stm32f4xx_hal_tim.o
    0x08001cd0   0x08001cd0   0x00000002   Code   RO         2367    i.HAL_TIM_IC_CaptureCallback  stm32f4xx_hal_tim.o
    0x08001cd2   0x08001cd2   0x00000166   Code   RO         2381    i.HAL_TIM_IRQHandler  stm32f4xx_hal_tim.o
    0x08001e38   0x08001e38   0x00000002   Code   RO         2384    i.HAL_TIM_OC_DelayElapsedCallback  stm32f4xx_hal_tim.o
    0x08001e3a   0x08001e3a   0x00000002   Code   RO         2411    i.HAL_TIM_PWM_PulseFinishedCallback  stm32f4xx_hal_tim.o
    0x08001e3c   0x08001e3c   0x00000014   Code   RO           14    i.HAL_TIM_PeriodElapsedCallback  main.o
    0x08001e50   0x08001e50   0x00000002   Code   RO         2424    i.HAL_TIM_TriggerCallback  stm32f4xx_hal_tim.o
    0x08001e52   0x08001e52   0x00000062   Code   RO         3333    i.HAL_UART_Init     stm32f4xx_hal_uart.o
    0x08001eb4   0x08001eb4   0x000000b0   Code   RO          451    i.HAL_UART_MspInit  stm32f4xx_hal_msp.o
    0x08001f64   0x08001f64   0x00000002   Code   RO          377    i.HardFault_Handler  stm32f4xx_it.o
    0x08001f66   0x08001f66   0x00000094   Code   RO          774    i.LAN8742_GetLinkState  lan8742.o
    0x08001ffa   0x08001ffa   0x000000cc   Code   RO          775    i.LAN8742_Init      lan8742.o
    0x080020c6   0x080020c6   0x0000002c   Code   RO          776    i.LAN8742_RegisterBusIO  lan8742.o
    0x080020f2   0x080020f2   0x00000002   PAD
    0x080020f4   0x080020f4   0x000000d0   Code   RO           15    i.MX_GPIO_Init      main.o
    0x080021c4   0x080021c4   0x000000a4   Code   RO          705    i.MX_LWIP_Init      lwip.o
    0x08002268   0x08002268   0x00000002   Code   RO          378    i.MemManage_Handler  stm32f4xx_it.o
    0x0800226a   0x0800226a   0x00000002   Code   RO          379    i.NMI_Handler       stm32f4xx_it.o
    0x0800226c   0x0800226c   0x0000000c   Code   RO           16    i.StartDefaultTask  main.o
    0x08002278   0x08002278   0x0000001a   Code   RO         4809    i.SysTick_Handler   cmsis_os2.o
    0x08002292   0x08002292   0x00000002   PAD
    0x08002294   0x08002294   0x00000094   Code   RO           17    i.SystemClock_Config  main.o
    0x08002328   0x08002328   0x00000010   Code   RO         3662    i.SystemInit        system_stm32f4xx.o
    0x08002338   0x08002338   0x0000000c   Code   RO          380    i.TIM6_DAC_IRQHandler  stm32f4xx_it.o
    0x08002344   0x08002344   0x000000c8   Code   RO         2426    i.TIM_Base_SetConfig  stm32f4xx_hal_tim.o
    0x0800240c   0x0800240c   0x0000010c   Code   RO         3359    i.UART_SetConfig    stm32f4xx_hal_uart.o
    0x08002518   0x08002518   0x00000002   Code   RO          381    i.UsageFault_Handler  stm32f4xx_it.o
    0x0800251a   0x0800251a   0x00000002   PAD
    0x0800251c   0x0800251c   0x00000020   Code   RO        10316    i.__0printf$3       mc_w.l(printf3.o)
    0x0800253c   0x0800253c   0x00000020   Code   RO         1615    i.__NVIC_SetPriority  stm32f4xx_hal_cortex.o
    0x0800255c   0x0800255c   0x0000000e   Code   RO        10549    i.__scatterload_copy  mc_w.l(handlers.o)
    0x0800256a   0x0800256a   0x00000002   Code   RO        10550    i.__scatterload_null  mc_w.l(handlers.o)
    0x0800256c   0x0800256c   0x0000000e   Code   RO        10551    i.__scatterload_zeroinit  mc_w.l(handlers.o)
    0x0800257a   0x0800257a   0x00000002   PAD
    0x0800257c   0x0800257c   0x000001b8   Code   RO        10323    i._printf_core      mc_w.l(printf3.o)
    0x08002734   0x08002734   0x0000009c   Code   RO         9025    i.dhcp_arp_reply    dhcp.o
    0x080027d0   0x080027d0   0x00000188   Code   RO         9026    i.dhcp_bind         dhcp.o
    0x08002958   0x08002958   0x00000034   Code   RO         9027    i.dhcp_check        dhcp.o
    0x0800298c   0x0800298c   0x000000ac   Code   RO         9029    i.dhcp_coarse_tmr   dhcp.o
    0x08002a38   0x08002a38   0x000001e4   Code   RO         9030    i.dhcp_create_msg   dhcp.o
    0x08002c1c   0x08002c1c   0x000000b8   Code   RO         9031    i.dhcp_dec_pcb_refcount  dhcp.o
    0x08002cd4   0x08002cd4   0x0000009c   Code   RO         9032    i.dhcp_decline      dhcp.o
    0x08002d70   0x08002d70   0x000000e8   Code   RO         9033    i.dhcp_discover     dhcp.o
    0x08002e58   0x08002e58   0x00000034   Code   RO         9034    i.dhcp_fine_tmr     dhcp.o
    0x08002e8c   0x08002e8c   0x00000064   Code   RO         9035    i.dhcp_handle_ack   dhcp.o
    0x08002ef0   0x08002ef0   0x000000ec   Code   RO         9036    i.dhcp_inc_pcb_refcount  dhcp.o
    0x08002fdc   0x08002fdc   0x000000c8   Code   RO         9038    i.dhcp_network_changed  dhcp.o
    0x080030a4   0x080030a4   0x00000098   Code   RO         9039    i.dhcp_option       dhcp.o
    0x0800313c   0x0800313c   0x000000bc   Code   RO         9040    i.dhcp_option_byte  dhcp.o
    0x080031f8   0x080031f8   0x000000d8   Code   RO         9041    i.dhcp_option_long  dhcp.o
    0x080032d0   0x080032d0   0x000000c8   Code   RO         9042    i.dhcp_option_short  dhcp.o
    0x08003398   0x08003398   0x00000020   Code   RO         9043    i.dhcp_option_trailer  dhcp.o
    0x080033b8   0x080033b8   0x00000390   Code   RO         9044    i.dhcp_parse_reply  dhcp.o
    0x08003748   0x08003748   0x000000d8   Code   RO         9045    i.dhcp_rebind       dhcp.o
    0x08003820   0x08003820   0x00000100   Code   RO         9046    i.dhcp_reboot       dhcp.o
    0x08003920   0x08003920   0x00000120   Code   RO         9047    i.dhcp_recv         dhcp.o
    0x08003a40   0x08003a40   0x000000bc   Code   RO         9049    i.dhcp_release_and_stop  dhcp.o
    0x08003afc   0x08003afc   0x000000d8   Code   RO         9050    i.dhcp_renew        dhcp.o
    0x08003bd4   0x08003bd4   0x00000200   Code   RO         9051    i.dhcp_select       dhcp.o
    0x08003dd4   0x08003dd4   0x00000010   Code   RO         9052    i.dhcp_set_state    dhcp.o
    0x08003de4   0x08003de4   0x00000128   Code   RO         9054    i.dhcp_start        dhcp.o
    0x08003f0c   0x08003f0c   0x0000001c   Code   RO         9056    i.dhcp_supplied_address  dhcp.o
    0x08003f28   0x08003f28   0x0000006c   Code   RO         9057    i.dhcp_timeout      dhcp.o
    0x08003f94   0x08003f94   0x000000a8   Code   RO         7613    i.do_memp_free_pool  memp.o
    0x0800403c   0x0800403c   0x000000b8   Code   RO         7614    i.do_memp_malloc_pool  memp.o
    0x080040f4   0x080040f4   0x0000002c   Code   RO         9232    i.etharp_cleanup_netif  etharp.o
    0x08004120   0x08004120   0x00000260   Code   RO         9234    i.etharp_find_entry  etharp.o
    0x08004380   0x08004380   0x00000024   Code   RO         9235    i.etharp_free_entry  etharp.o
    0x080043a4   0x080043a4   0x00000118   Code   RO         9237    i.etharp_input      etharp.o
    0x080044bc   0x080044bc   0x000001b0   Code   RO         9238    i.etharp_output     etharp.o
    0x0800466c   0x0800466c   0x00000110   Code   RO         9239    i.etharp_output_to_arp_index  etharp.o
    0x0800477c   0x0800477c   0x000001e8   Code   RO         9240    i.etharp_query      etharp.o
    0x08004964   0x08004964   0x00000174   Code   RO         9241    i.etharp_raw        etharp.o
    0x08004ad8   0x08004ad8   0x0000000c   Code   RO         9242    i.etharp_request    etharp.o
    0x08004ae4   0x08004ae4   0x00000020   Code   RO         9243    i.etharp_request_dst  etharp.o
    0x08004b04   0x08004b04   0x00000060   Code   RO         9244    i.etharp_tmr        etharp.o
    0x08004b64   0x08004b64   0x0000011c   Code   RO         9245    i.etharp_update_arp_entry  etharp.o
    0x08004c80   0x08004c80   0x000000a4   Code   RO         5983    i.ethernet_input    ethernet.o
    0x08004d24   0x08004d24   0x00000002   Code   RO          706    i.ethernet_link_status_updated  lwip.o
    0x08004d26   0x08004d26   0x00000002   PAD
    0x08004d28   0x08004d28   0x000000a8   Code   RO          537    i.ethernet_link_thread  ethernetif.o
    0x08004dd0   0x08004dd0   0x000000f8   Code   RO         5984    i.ethernet_output   ethernet.o
    0x08004ec8   0x08004ec8   0x00000090   Code   RO          538    i.ethernetif_init   ethernetif.o
    0x08004f58   0x08004f58   0x00000048   Code   RO          539    i.ethernetif_input  ethernetif.o
    0x08004fa0   0x08004fa0   0x00000012   Code   RO        10506    i.fputc             mc_w.l(fputc.o)
    0x08004fb2   0x08004fb2   0x00000008   Code   RO         9332    i.icmp_dest_unreach  icmp.o
    0x08004fba   0x08004fba   0x00000002   PAD
    0x08004fbc   0x08004fbc   0x000001e8   Code   RO         9333    i.icmp_input        icmp.o
    0x080051a4   0x080051a4   0x00000110   Code   RO         9334    i.icmp_send_response  icmp.o
    0x080052b4   0x080052b4   0x00000008   Code   RO         9335    i.icmp_time_exceeded  icmp.o
    0x080052bc   0x080052bc   0x0000002e   Code   RO         9449    i.ip4_addr_isbroadcast_u32  ip4_addr.o
    0x080052ea   0x080052ea   0x00000002   PAD
    0x080052ec   0x080052ec   0x00000260   Code   RO         9518    i.ip4_frag          ip4_frag.o
    0x0800554c   0x0800554c   0x00000194   Code   RO         9394    i.ip4_input         ip4.o
    0x080056e0   0x080056e0   0x0000002c   Code   RO         9395    i.ip4_input_accept  ip4.o
    0x0800570c   0x0800570c   0x0000001e   Code   RO         9397    i.ip4_output_if     ip4.o
    0x0800572a   0x0800572a   0x00000002   PAD
    0x0800572c   0x0800572c   0x00000178   Code   RO         9398    i.ip4_output_if_src  ip4.o
    0x080058a4   0x080058a4   0x00000288   Code   RO         9519    i.ip4_reass         ip4_frag.o
    0x08005b2c   0x08005b2c   0x00000060   Code   RO         9399    i.ip4_route         ip4.o
    0x08005b8c   0x08005b8c   0x00000090   Code   RO         9520    i.ip_frag_free_pbuf_custom_ref  ip4_frag.o
    0x08005c1c   0x08005c1c   0x00000248   Code   RO         9521    i.ip_reass_chain_frag_into_datagram_and_validate  ip4_frag.o
    0x08005e64   0x08005e64   0x000000bc   Code   RO         9522    i.ip_reass_dequeue_datagram  ip4_frag.o
    0x08005f20   0x08005f20   0x00000198   Code   RO         9523    i.ip_reass_free_complete_datagram  ip4_frag.o
    0x080060b8   0x080060b8   0x00000080   Code   RO         9524    i.ip_reass_remove_oldest_datagram  ip4_frag.o
    0x08006138   0x08006138   0x0000002c   Code   RO         9525    i.ip_reass_tmr      ip4_frag.o
    0x08006164   0x08006164   0x00000098   Code   RO         9526    i.ipfrag_free_pbuf_custom  ip4_frag.o
    0x080061fc   0x080061fc   0x000001a0   Code   RO          540    i.low_level_init    ethernetif.o
    0x0800639c   0x0800639c   0x00000094   Code   RO          541    i.low_level_output  ethernetif.o
    0x08006430   0x08006430   0x0000003c   Code   RO         8793    i.lwip_cyclic_timer  timeouts.o
    0x0800646c   0x0800646c   0x00000004   Code   RO         7321    i.lwip_htonl        def.o
    0x08006470   0x08006470   0x00000004   Code   RO         7322    i.lwip_htons        def.o
    0x08006474   0x08006474   0x00000022   Code   RO         7466    i.lwip_init         init.o
    0x08006496   0x08006496   0x00000002   PAD
    0x08006498   0x08006498   0x00000084   Code   RO           18    i.main              main.o
    0x0800651c   0x0800651c   0x000001c8   Code   RO         7537    i.mem_free          mem.o
    0x080066e4   0x080066e4   0x000000c8   Code   RO         7538    i.mem_init          mem.o
    0x080067ac   0x080067ac   0x0000024c   Code   RO         7539    i.mem_malloc        mem.o
    0x080069f8   0x080069f8   0x00000010   Code   RO         7540    i.mem_to_ptr        mem.o
    0x08006a08   0x08006a08   0x000001e4   Code   RO         7541    i.mem_trim          mem.o
    0x08006bec   0x08006bec   0x0000009c   Code   RO         7615    i.memp_free         memp.o
    0x08006c88   0x08006c88   0x00000088   Code   RO         7616    i.memp_free_pool    memp.o
    0x08006d10   0x08006d10   0x00000020   Code   RO         7617    i.memp_init         memp.o
    0x08006d30   0x08006d30   0x0000002a   Code   RO         7618    i.memp_init_pool    memp.o
    0x08006d5a   0x08006d5a   0x00000002   PAD
    0x08006d5c   0x08006d5c   0x000000a4   Code   RO         7619    i.memp_malloc       memp.o
    0x08006e00   0x08006e00   0x0000008c   Code   RO         7620    i.memp_malloc_pool  memp.o
    0x08006e8c   0x08006e8c   0x000001dc   Code   RO         7759    i.netif_add         netif.o
    0x08007068   0x08007068   0x00000016   Code   RO         7761    i.netif_do_ip_addr_changed  netif.o
    0x0800707e   0x0800707e   0x00000016   Code   RO         7762    i.netif_do_set_gw   netif.o
    0x08007094   0x08007094   0x000000c4   Code   RO         7763    i.netif_do_set_ipaddr  netif.o
    0x08007158   0x08007158   0x00000016   Code   RO         7764    i.netif_do_set_netmask  netif.o
    0x0800716e   0x0800716e   0x00000002   PAD
    0x08007170   0x08007170   0x00000028   Code   RO         7766    i.netif_get_by_index  netif.o
    0x08007198   0x08007198   0x00000002   Code   RO         7768    i.netif_init        netif.o
    0x0800719a   0x0800719a   0x00000002   PAD
    0x0800719c   0x0800719c   0x000000c0   Code   RO         7770    i.netif_issue_reports  netif.o
    0x0800725c   0x0800725c   0x00000006   Code   RO         7772    i.netif_null_output_ip4  netif.o
    0x08007262   0x08007262   0x00000002   PAD
    0x08007264   0x08007264   0x00000060   Code   RO         7774    i.netif_set_addr    netif.o
    0x080072c4   0x080072c4   0x0000000c   Code   RO         7775    i.netif_set_default  netif.o
    0x080072d0   0x080072d0   0x000000a8   Code   RO         7776    i.netif_set_down    netif.o
    0x08007378   0x08007378   0x00000008   Code   RO         7779    i.netif_set_link_callback  netif.o
    0x08007380   0x08007380   0x000000ac   Code   RO         7780    i.netif_set_link_down  netif.o
    0x0800742c   0x0800742c   0x000000c8   Code   RO         7781    i.netif_set_link_up  netif.o
    0x080074f4   0x080074f4   0x000000a0   Code   RO         7783    i.netif_set_up      netif.o
    0x08007594   0x08007594   0x0000001a   Code   RO         4811    i.osDelay           cmsis_os2.o
    0x080075ae   0x080075ae   0x0000000e   Code   RO         4823    i.osKernelGetTickCount  cmsis_os2.o
    0x080075bc   0x080075bc   0x00000024   Code   RO         4825    i.osKernelInitialize  cmsis_os2.o
    0x080075e0   0x080075e0   0x00000038   Code   RO         4828    i.osKernelStart     cmsis_os2.o
    0x08007618   0x08007618   0x00000064   Code   RO         4840    i.osMessageQueueGet  cmsis_os2.o
    0x0800767c   0x0800767c   0x00000058   Code   RO         4845    i.osMessageQueueNew  cmsis_os2.o
    0x080076d4   0x080076d4   0x00000068   Code   RO         4846    i.osMessageQueuePut  cmsis_os2.o
    0x0800773c   0x0800773c   0x00000052   Code   RO         4848    i.osMutexAcquire    cmsis_os2.o
    0x0800778e   0x0800778e   0x00000068   Code   RO         4851    i.osMutexNew        cmsis_os2.o
    0x080077f6   0x080077f6   0x00000042   Code   RO         4852    i.osMutexRelease    cmsis_os2.o
    0x08007838   0x08007838   0x0000005c   Code   RO         4853    i.osSemaphoreAcquire  cmsis_os2.o
    0x08007894   0x08007894   0x00000098   Code   RO         4856    i.osSemaphoreNew    cmsis_os2.o
    0x0800792c   0x0800792c   0x00000058   Code   RO         4857    i.osSemaphoreRelease  cmsis_os2.o
    0x08007984   0x08007984   0x0000008a   Code   RO         4870    i.osThreadNew       cmsis_os2.o
    0x08007a0e   0x08007a0e   0x00000006   Code   RO         7947    i.pbuf_add_header   pbuf.o
    0x08007a14   0x08007a14   0x000000c0   Code   RO         7949    i.pbuf_add_header_impl  pbuf.o
    0x08007ad4   0x08007ad4   0x0000025c   Code   RO         7950    i.pbuf_alloc        pbuf.o
    0x08007d30   0x08007d30   0x000000b0   Code   RO         7951    i.pbuf_alloc_reference  pbuf.o
    0x08007de0   0x08007de0   0x00000036   Code   RO         7952    i.pbuf_alloced_custom  pbuf.o
    0x08007e16   0x08007e16   0x00000002   PAD
    0x08007e18   0x08007e18   0x00000130   Code   RO         7953    i.pbuf_cat          pbuf.o
    0x08007f48   0x08007f48   0x00000012   Code   RO         7954    i.pbuf_chain        pbuf.o
    0x08007f5a   0x08007f5a   0x00000012   Code   RO         7955    i.pbuf_clen         pbuf.o
    0x08007f6c   0x08007f6c   0x0000009c   Code   RO         7956    i.pbuf_clone        pbuf.o
    0x08008008   0x08008008   0x000001e0   Code   RO         7958    i.pbuf_copy         pbuf.o
    0x080081e8   0x080081e8   0x00000118   Code   RO         7959    i.pbuf_copy_partial  pbuf.o
    0x08008300   0x08008300   0x00000164   Code   RO         7961    i.pbuf_free         pbuf.o
    0x08008464   0x08008464   0x0000002c   Code   RO          542    i.pbuf_free_custom  ethernetif.o
    0x08008490   0x08008490   0x00000034   Code   RO         7963    i.pbuf_free_ooseq_callback  pbuf.o
    0x080084c4   0x080084c4   0x00000006   Code   RO         7967    i.pbuf_header_force  pbuf.o
    0x080084ca   0x080084ca   0x0000000e   Code   RO         7968    i.pbuf_header_impl  pbuf.o
    0x080084d8   0x080084d8   0x0000001c   Code   RO         7969    i.pbuf_init_alloced_pbuf  pbuf.o
    0x080084f4   0x080084f4   0x00000134   Code   RO         7973    i.pbuf_realloc      pbuf.o
    0x08008628   0x08008628   0x0000009c   Code   RO         7974    i.pbuf_ref          pbuf.o
    0x080086c4   0x080086c4   0x000000d0   Code   RO         7975    i.pbuf_remove_header  pbuf.o
    0x08008794   0x08008794   0x000001a0   Code   RO         7542    i.plug_holes        mem.o
    0x08008934   0x08008934   0x0000005c   Code   RO         4270    i.prvAddCurrentTaskToDelayedList  tasks.o
    0x08008990   0x08008990   0x000000d0   Code   RO         4271    i.prvAddNewTaskToReadyList  tasks.o
    0x08008a60   0x08008a60   0x00000058   Code   RO         4635    i.prvCheckForValidListAndQueue  timers.o
    0x08008ab8   0x08008ab8   0x00000026   Code   RO         3867    i.prvCopyDataFromQueue  queue.o
    0x08008ade   0x08008ade   0x0000006c   Code   RO         3868    i.prvCopyDataToQueue  queue.o
    0x08008b4a   0x08008b4a   0x00000034   Code   RO         4272    i.prvDeleteTCB      tasks.o
    0x08008b7e   0x08008b7e   0x00000002   PAD
    0x08008b80   0x08008b80   0x0000004c   Code   RO         5322    i.prvHeapInit       heap_4.o
    0x08008bcc   0x08008bcc   0x00000060   Code   RO         4273    i.prvIdleTask       tasks.o
    0x08008c2c   0x08008c2c   0x00000016   Code   RO         3869    i.prvInitialiseMutex  queue.o
    0x08008c42   0x08008c42   0x00000002   PAD
    0x08008c44   0x08008c44   0x00000022   Code   RO         3870    i.prvInitialiseNewQueue  queue.o
    0x08008c66   0x08008c66   0x00000002   PAD
    0x08008c68   0x08008c68   0x000000b0   Code   RO         4274    i.prvInitialiseNewTask  tasks.o
    0x08008d18   0x08008d18   0x0000004c   Code   RO         5323    i.prvInsertBlockIntoFreeList  heap_4.o
    0x08008d64   0x08008d64   0x00000038   Code   RO         4637    i.prvInsertTimerInActiveList  timers.o
    0x08008d9c   0x08008d9c   0x0000001c   Code   RO         3871    i.prvIsQueueEmpty   queue.o
    0x08008db8   0x08008db8   0x000000fc   Code   RO         4638    i.prvProcessReceivedCommands  timers.o
    0x08008eb4   0x08008eb4   0x000000c0   Code   RO         4639    i.prvProcessTimerOrBlockTask  timers.o
    0x08008f74   0x08008f74   0x00000020   Code   RO         4276    i.prvResetNextTaskUnblockTime  tasks.o
    0x08008f94   0x08008f94   0x00000028   Code   RO         4640    i.prvSampleTimeNow  timers.o
    0x08008fbc   0x08008fbc   0x0000006c   Code   RO         4641    i.prvSwitchTimerLists  timers.o
    0x08009028   0x08009028   0x00000028   Code   RO         5378    i.prvTaskExitError  port.o
    0x08009050   0x08009050   0x00000024   Code   RO         4642    i.prvTimerTask      timers.o
    0x08009074   0x08009074   0x0000006a   Code   RO         3872    i.prvUnlockQueue    queue.o
    0x080090de   0x080090de   0x00000002   PAD
    0x080090e0   0x080090e0   0x0000000c   Code   RO         7543    i.ptr_to_mem        mem.o
    0x080090ec   0x080090ec   0x000000dc   Code   RO         5324    i.pvPortMalloc      heap_4.o
    0x080091c8   0x080091c8   0x00000018   Code   RO         4279    i.pvTaskIncrementMutexHeldCount  tasks.o
    0x080091e0   0x080091e0   0x0000002c   Code   RO         5379    i.pxPortInitialiseStack  port.o
    0x0800920c   0x0800920c   0x0000003e   Code   RO         9772    i.sys_arch_mbox_fetch  sys_arch.o
    0x0800924a   0x0800924a   0x00000002   PAD
    0x0800924c   0x0800924c   0x00000018   Code   RO         9774    i.sys_arch_protect  sys_arch.o
    0x08009264   0x08009264   0x0000000c   Code   RO         9776    i.sys_arch_unprotect  sys_arch.o
    0x08009270   0x08009270   0x00000044   Code   RO         8794    i.sys_check_timeouts  timeouts.o
    0x080092b4   0x080092b4   0x00000014   Code   RO         9777    i.sys_init          sys_arch.o
    0x080092c8   0x080092c8   0x0000001e   Code   RO         9779    i.sys_mbox_new      sys_arch.o
    0x080092e6   0x080092e6   0x00000018   Code   RO         9782    i.sys_mbox_trypost  sys_arch.o
    0x080092fe   0x080092fe   0x0000000a   Code   RO         9784    i.sys_mbox_valid    sys_arch.o
    0x08009308   0x08009308   0x0000000a   Code   RO         9786    i.sys_mutex_lock    sys_arch.o
    0x08009312   0x08009312   0x00000018   Code   RO         9787    i.sys_mutex_new     sys_arch.o
    0x0800932a   0x0800932a   0x00000006   Code   RO         9788    i.sys_mutex_unlock  sys_arch.o
    0x08009330   0x08009330   0x00000004   Code   RO          543    i.sys_now           ethernetif.o
    0x08009334   0x08009334   0x0000002e   Code   RO         9794    i.sys_thread_new    sys_arch.o
    0x08009362   0x08009362   0x00000002   PAD
    0x08009364   0x08009364   0x000000c4   Code   RO         8796    i.sys_timeout       timeouts.o
    0x08009428   0x08009428   0x000000f8   Code   RO         8797    i.sys_timeout_abs   timeouts.o
    0x08009520   0x08009520   0x00000028   Code   RO         8798    i.sys_timeouts_init  timeouts.o
    0x08009548   0x08009548   0x00000028   Code   RO         8799    i.sys_timeouts_sleeptime  timeouts.o
    0x08009570   0x08009570   0x000001ac   Code   RO         8231    i.tcp_abandon       tcp.o
    0x0800971c   0x0800971c   0x00000006   Code   RO         8232    i.tcp_abort         tcp.o
    0x08009722   0x08009722   0x00000002   PAD
    0x08009724   0x08009724   0x00000124   Code   RO         8235    i.tcp_alloc         tcp.o
    0x08009848   0x08009848   0x000000a0   Code   RO         8239    i.tcp_close         tcp.o
    0x080098e8   0x080098e8   0x000001dc   Code   RO         8240    i.tcp_close_shutdown  tcp.o
    0x08009ac4   0x08009ac4   0x000000c4   Code   RO         8241    i.tcp_close_shutdown_fin  tcp.o
    0x08009b88   0x08009b88   0x00000180   Code   RO         8633    i.tcp_create_segment  tcp_out.o
    0x08009d08   0x08009d08   0x000000b8   Code   RO         8244    i.tcp_eff_send_mss_netif  tcp.o
    0x08009dc0   0x08009dc0   0x00000234   Code   RO         8634    i.tcp_enqueue_flags  tcp_out.o
    0x08009ff4   0x08009ff4   0x0000006c   Code   RO         8246    i.tcp_fasttmr       tcp.o
    0x0800a060   0x0800a060   0x00000090   Code   RO         8247    i.tcp_free          tcp.o
    0x0800a0f0   0x0800a0f0   0x0000013c   Code   RO         8544    i.tcp_free_acked_segments  tcp_in.o
    0x0800a22c   0x0800a22c   0x00000014   Code   RO         8248    i.tcp_free_ooseq    tcp.o
    0x0800a240   0x0800a240   0x00000028   Code   RO         8545    i.tcp_get_next_optbyte  tcp_in.o
    0x0800a268   0x0800a268   0x00000018   Code   RO         8249    i.tcp_init          tcp.o
    0x0800a280   0x0800a280   0x00000650   Code   RO         8546    i.tcp_input         tcp_in.o
    0x0800a8d0   0x0800a8d0   0x000000d4   Code   RO         8547    i.tcp_input_delayed_close  tcp_in.o
    0x0800a9a4   0x0800a9a4   0x000000cc   Code   RO         8635    i.tcp_keepalive     tcp_out.o
    0x0800aa70   0x0800aa70   0x000000bc   Code   RO         8250    i.tcp_kill_state    tcp.o
    0x0800ab2c   0x0800ab2c   0x00000070   Code   RO         8251    i.tcp_listen_closed  tcp.o
    0x0800ab9c   0x0800ab9c   0x00000198   Code   RO         8548    i.tcp_listen_input  tcp_in.o
    0x0800ad34   0x0800ad34   0x0000004c   Code   RO         8254    i.tcp_netif_ip_addr_changed  tcp.o
    0x0800ad80   0x0800ad80   0x000000c0   Code   RO         8255    i.tcp_netif_ip_addr_changed_pcblist  tcp.o
    0x0800ae40   0x0800ae40   0x00000098   Code   RO         8259    i.tcp_next_iss      tcp.o
    0x0800aed8   0x0800aed8   0x0000010c   Code   RO         8549    i.tcp_oos_insert_segment  tcp_in.o
    0x0800afe4   0x0800afe4   0x000002e0   Code   RO         8636    i.tcp_output        tcp_out.o
    0x0800b2c4   0x0800b2c4   0x000000cc   Code   RO         8637    i.tcp_output_alloc_header  tcp_out.o
    0x0800b390   0x0800b390   0x00000110   Code   RO         8638    i.tcp_output_alloc_header_common  tcp_out.o
    0x0800b4a0   0x0800b4a0   0x000000e0   Code   RO         8639    i.tcp_output_control_segment  tcp_out.o
    0x0800b580   0x0800b580   0x000000d8   Code   RO         8640    i.tcp_output_fill_options  tcp_out.o
    0x0800b658   0x0800b658   0x000001dc   Code   RO         8641    i.tcp_output_segment  tcp_out.o
    0x0800b834   0x0800b834   0x000000a8   Code   RO         8642    i.tcp_output_segment_busy  tcp_out.o
    0x0800b8dc   0x0800b8dc   0x000000fc   Code   RO         8550    i.tcp_parseopt      tcp_in.o
    0x0800b9d8   0x0800b9d8   0x000000cc   Code   RO         8260    i.tcp_pcb_purge     tcp.o
    0x0800baa4   0x0800baa4   0x00000190   Code   RO         8261    i.tcp_pcb_remove    tcp.o
    0x0800bc34   0x0800bc34   0x000004c2   Code   RO         8551    i.tcp_process       tcp_in.o
    0x0800c0f6   0x0800c0f6   0x00000002   PAD
    0x0800c0f8   0x0800c0f8   0x00000104   Code   RO         8263    i.tcp_process_refused_data  tcp.o
    0x0800c1fc   0x0800c1fc   0x00000904   Code   RO         8552    i.tcp_receive       tcp_in.o
    0x0800cb00   0x0800cb00   0x000000b0   Code   RO         8265    i.tcp_recv_null     tcp.o
    0x0800cbb0   0x0800cbb0   0x00000100   Code   RO         8266    i.tcp_recved        tcp.o
    0x0800ccb0   0x0800ccb0   0x00000058   Code   RO         8267    i.tcp_remove_listener  tcp.o
    0x0800cd08   0x0800cd08   0x000000ec   Code   RO         8644    i.tcp_rexmit        tcp_out.o
    0x0800cdf4   0x0800cdf4   0x000000e8   Code   RO         8645    i.tcp_rexmit_fast   tcp_out.o
    0x0800cedc   0x0800cedc   0x000000a4   Code   RO         8646    i.tcp_rexmit_rto    tcp_out.o
    0x0800cf80   0x0800cf80   0x000000ac   Code   RO         8647    i.tcp_rexmit_rto_commit  tcp_out.o
    0x0800d02c   0x0800d02c   0x000000f8   Code   RO         8648    i.tcp_rexmit_rto_prepare  tcp_out.o
    0x0800d124   0x0800d124   0x00000010   Code   RO         8649    i.tcp_route         tcp_out.o
    0x0800d134   0x0800d134   0x00000114   Code   RO         8650    i.tcp_rst           tcp_out.o
    0x0800d248   0x0800d248   0x000000ac   Code   RO         8268    i.tcp_seg_copy      tcp.o
    0x0800d2f4   0x0800d2f4   0x0000001c   Code   RO         8269    i.tcp_seg_free      tcp.o
    0x0800d310   0x0800d310   0x00000012   Code   RO         8270    i.tcp_segs_free     tcp.o
    0x0800d322   0x0800d322   0x00000002   PAD
    0x0800d324   0x0800d324   0x000000ec   Code   RO         8651    i.tcp_send_empty_ack  tcp_out.o
    0x0800d410   0x0800d410   0x000000cc   Code   RO         8652    i.tcp_send_fin      tcp_out.o
    0x0800d4dc   0x0800d4dc   0x000005d0   Code   RO         8274    i.tcp_slowtmr       tcp.o
    0x0800daac   0x0800daac   0x0000022c   Code   RO         8653    i.tcp_split_unsent_seg  tcp_out.o
    0x0800dcd8   0x0800dcd8   0x00000034   Code   RO         8801    i.tcp_timer_needed  timeouts.o
    0x0800dd0c   0x0800dd0c   0x00000100   Code   RO         8553    i.tcp_timewait_input  tcp_in.o
    0x0800de0c   0x0800de0c   0x00000020   Code   RO         8276    i.tcp_tmr           tcp.o
    0x0800de2c   0x0800de2c   0x00000010   Code   RO         8554    i.tcp_trigger_input_pcb_close  tcp_in.o
    0x0800de3c   0x0800de3c   0x000000f4   Code   RO         8278    i.tcp_update_rcv_ann_wnd  tcp.o
    0x0800df30   0x0800df30   0x00000140   Code   RO         8656    i.tcp_zero_window_probe  tcp_out.o
    0x0800e070   0x0800e070   0x00000110   Code   RO         7152    i.tcpip_init        tcpip.o
    0x0800e180   0x0800e180   0x000000c0   Code   RO         7153    i.tcpip_inpkt       tcpip.o
    0x0800e240   0x0800e240   0x0000001c   Code   RO         7154    i.tcpip_input       tcpip.o
    0x0800e25c   0x0800e25c   0x00000038   Code   RO         8802    i.tcpip_tcp_timer   timeouts.o
    0x0800e294   0x0800e294   0x000000f8   Code   RO         7156    i.tcpip_thread      tcpip.o
    0x0800e38c   0x0800e38c   0x000000cc   Code   RO         7157    i.tcpip_thread_handle_msg  tcpip.o
    0x0800e458   0x0800e458   0x000000bc   Code   RO         7158    i.tcpip_try_callback  tcpip.o
    0x0800e514   0x0800e514   0x00000134   Code   RO         8882    i.udp_bind          udp.o
    0x0800e648   0x0800e648   0x00000100   Code   RO         8884    i.udp_connect       udp.o
    0x0800e748   0x0800e748   0x00000018   Code   RO         8886    i.udp_init          udp.o
    0x0800e760   0x0800e760   0x000001e8   Code   RO         8887    i.udp_input         udp.o
    0x0800e948   0x0800e948   0x0000010c   Code   RO         8888    i.udp_input_local_match  udp.o
    0x0800ea54   0x0800ea54   0x00000034   Code   RO         8889    i.udp_netif_ip_addr_changed  udp.o
    0x0800ea88   0x0800ea88   0x0000001a   Code   RO         8890    i.udp_new           udp.o
    0x0800eaa2   0x0800eaa2   0x00000002   PAD
    0x0800eaa4   0x0800eaa4   0x00000088   Code   RO         8892    i.udp_recv          udp.o
    0x0800eb2c   0x0800eb2c   0x000000b0   Code   RO         8893    i.udp_remove        udp.o
    0x0800ebdc   0x0800ebdc   0x00000140   Code   RO         8896    i.udp_sendto_if     udp.o
    0x0800ed1c   0x0800ed1c   0x00000248   Code   RO         8897    i.udp_sendto_if_src  udp.o
    0x0800ef64   0x0800ef64   0x00000026   Code   RO         3827    i.uxListRemove      list.o
    0x0800ef8a   0x0800ef8a   0x00000002   PAD
    0x0800ef8c   0x0800ef8c   0x00000014   Code   RO         4882    i.vApplicationGetIdleTaskMemory  cmsis_os2.o
    0x0800efa0   0x0800efa0   0x00000018   Code   RO         4883    i.vApplicationGetTimerTaskMemory  cmsis_os2.o
    0x0800efb8   0x0800efb8   0x00000016   Code   RO         3828    i.vListInitialise   list.o
    0x0800efce   0x0800efce   0x00000006   Code   RO         3829    i.vListInitialiseItem  list.o
    0x0800efd4   0x0800efd4   0x00000030   Code   RO         3830    i.vListInsert       list.o
    0x0800f004   0x0800f004   0x00000018   Code   RO         3831    i.vListInsertEnd    list.o
    0x0800f01c   0x0800f01c   0x00000040   Code   RO         5381    i.vPortEnterCritical  port.o
    0x0800f05c   0x0800f05c   0x00000028   Code   RO         5382    i.vPortExitCritical  port.o
    0x0800f084   0x0800f084   0x00000064   Code   RO         5325    i.vPortFree         heap_4.o
    0x0800f0e8   0x0800f0e8   0x00000024   Code   RO         5383    i.vPortSetupTimerInterrupt  port.o
    0x0800f10c   0x0800f10c   0x00000054   Code   RO         5384    i.vPortValidateInterruptPriority  port.o
    0x0800f160   0x0800f160   0x00000028   Code   RO         3878    i.vQueueAddToRegistry  queue.o
    0x0800f188   0x0800f188   0x0000002e   Code   RO         3879    i.vQueueDelete      queue.o
    0x0800f1b6   0x0800f1b6   0x00000002   PAD
    0x0800f1b8   0x0800f1b8   0x00000028   Code   RO         3881    i.vQueueUnregisterQueue  queue.o
    0x0800f1e0   0x0800f1e0   0x00000044   Code   RO         3882    i.vQueueWaitForMessageRestricted  queue.o
    0x0800f224   0x0800f224   0x0000004c   Code   RO         4289    i.vTaskDelay        tasks.o
    0x0800f270   0x0800f270   0x00000010   Code   RO         4294    i.vTaskInternalSetTimeOutState  tasks.o
    0x0800f280   0x0800f280   0x0000000c   Code   RO         4295    i.vTaskMissedYield  tasks.o
    0x0800f28c   0x0800f28c   0x00000030   Code   RO         4297    i.vTaskPlaceOnEventList  tasks.o
    0x0800f2bc   0x0800f2bc   0x00000038   Code   RO         4298    i.vTaskPlaceOnEventListRestricted  tasks.o
    0x0800f2f4   0x0800f2f4   0x00000090   Code   RO         4300    i.vTaskPriorityDisinheritAfterTimeout  tasks.o
    0x0800f384   0x0800f384   0x00000088   Code   RO         4306    i.vTaskStartScheduler  tasks.o
    0x0800f40c   0x0800f40c   0x00000010   Code   RO         4308    i.vTaskSuspendAll   tasks.o
    0x0800f41c   0x0800f41c   0x00000064   Code   RO         4309    i.vTaskSwitchContext  tasks.o
    0x0800f480   0x0800f480   0x000000f4   Code   RO         5385    i.xPortStartScheduler  port.o
    0x0800f574   0x0800f574   0x0000002c   Code   RO         5386    i.xPortSysTickHandler  port.o
    0x0800f5a0   0x0800f5a0   0x0000003a   Code   RO         3883    i.xQueueCreateCountingSemaphore  queue.o
    0x0800f5da   0x0800f5da   0x00000040   Code   RO         3884    i.xQueueCreateCountingSemaphoreStatic  queue.o
    0x0800f61a   0x0800f61a   0x00000016   Code   RO         3885    i.xQueueCreateMutex  queue.o
    0x0800f630   0x0800f630   0x0000001a   Code   RO         3886    i.xQueueCreateMutexStatic  queue.o
    0x0800f64a   0x0800f64a   0x00000042   Code   RO         3887    i.xQueueGenericCreate  queue.o
    0x0800f68c   0x0800f68c   0x00000066   Code   RO         3888    i.xQueueGenericCreateStatic  queue.o
    0x0800f6f2   0x0800f6f2   0x00000002   PAD
    0x0800f6f4   0x0800f6f4   0x00000088   Code   RO         3889    i.xQueueGenericReset  queue.o
    0x0800f77c   0x0800f77c   0x00000160   Code   RO         3890    i.xQueueGenericSend  queue.o
    0x0800f8dc   0x0800f8dc   0x000000be   Code   RO         3891    i.xQueueGenericSendFromISR  queue.o
    0x0800f99a   0x0800f99a   0x0000009c   Code   RO         3894    i.xQueueGiveFromISR  queue.o
    0x0800fa36   0x0800fa36   0x0000003e   Code   RO         3895    i.xQueueGiveMutexRecursive  queue.o
    0x0800fa74   0x0800fa74   0x00000138   Code   RO         3900    i.xQueueReceive     queue.o
    0x0800fbac   0x0800fbac   0x0000009a   Code   RO         3901    i.xQueueReceiveFromISR  queue.o
    0x0800fc46   0x0800fc46   0x00000002   PAD
    0x0800fc48   0x0800fc48   0x00000178   Code   RO         3902    i.xQueueSemaphoreTake  queue.o
    0x0800fdc0   0x0800fdc0   0x00000040   Code   RO         3903    i.xQueueTakeMutexRecursive  queue.o
    0x0800fe00   0x0800fe00   0x00000074   Code   RO         4311    i.xTaskCheckForTimeOut  tasks.o
    0x0800fe74   0x0800fe74   0x0000005a   Code   RO         4312    i.xTaskCreate       tasks.o
    0x0800fece   0x0800fece   0x00000056   Code   RO         4313    i.xTaskCreateStatic  tasks.o
    0x0800ff24   0x0800ff24   0x0000000c   Code   RO         4316    i.xTaskGetCurrentTaskHandle  tasks.o
    0x0800ff30   0x0800ff30   0x0000001c   Code   RO         4317    i.xTaskGetSchedulerState  tasks.o
    0x0800ff4c   0x0800ff4c   0x0000000c   Code   RO         4318    i.xTaskGetTickCount  tasks.o
    0x0800ff58   0x0800ff58   0x00000010   Code   RO         4319    i.xTaskGetTickCountFromISR  tasks.o
    0x0800ff68   0x0800ff68   0x000000c8   Code   RO         4320    i.xTaskIncrementTick  tasks.o
    0x08010030   0x08010030   0x00000080   Code   RO         4323    i.xTaskPriorityDisinherit  tasks.o
    0x080100b0   0x080100b0   0x00000078   Code   RO         4324    i.xTaskPriorityInherit  tasks.o
    0x08010128   0x08010128   0x00000070   Code   RO         4325    i.xTaskRemoveFromEventList  tasks.o
    0x08010198   0x08010198   0x000000c4   Code   RO         4326    i.xTaskResumeAll    tasks.o
    0x0801025c   0x0801025c   0x00000060   Code   RO         4651    i.xTimerCreateTimerTask  timers.o
    0x080102bc   0x080102bc   0x00000068   Code   RO         4652    i.xTimerGenericCommand  timers.o
    0x08010324   0x08010324   0x00000024   Data   RO           20    .constdata          main.o
    0x08010348   0x08010348   0x0000000c   Data   RO          546    .constdata          ethernetif.o
    0x08010354   0x08010354   0x00000010   Data   RO         3663    .constdata          system_stm32f4xx.o
    0x08010364   0x08010364   0x00000008   Data   RO         3664    .constdata          system_stm32f4xx.o
    0x0801036c   0x0801036c   0x00000006   Data   RO         5985    .constdata          ethernet.o
    0x08010372   0x08010372   0x00000006   Data   RO         5986    .constdata          ethernet.o
    0x08010378   0x08010378   0x0000000c   Data   RO         7634    .constdata          memp.o
    0x08010384   0x08010384   0x0000000c   Data   RO         7635    .constdata          memp.o
    0x08010390   0x08010390   0x0000000c   Data   RO         7636    .constdata          memp.o
    0x0801039c   0x0801039c   0x0000000c   Data   RO         7637    .constdata          memp.o
    0x080103a8   0x080103a8   0x0000000c   Data   RO         7638    .constdata          memp.o
    0x080103b4   0x080103b4   0x0000000c   Data   RO         7639    .constdata          memp.o
    0x080103c0   0x080103c0   0x0000000c   Data   RO         7640    .constdata          memp.o
    0x080103cc   0x080103cc   0x0000000c   Data   RO         7641    .constdata          memp.o
    0x080103d8   0x080103d8   0x0000000c   Data   RO         7642    .constdata          memp.o
    0x080103e4   0x080103e4   0x0000000c   Data   RO         7643    .constdata          memp.o
    0x080103f0   0x080103f0   0x0000000c   Data   RO         7644    .constdata          memp.o
    0x080103fc   0x080103fc   0x0000000c   Data   RO         7645    .constdata          memp.o
    0x08010408   0x08010408   0x0000000c   Data   RO         7646    .constdata          memp.o
    0x08010414   0x08010414   0x00000034   Data   RO         7647    .constdata          memp.o
    0x08010448   0x08010448   0x00000054   Data   RO         8279    .constdata          tcp.o
    0x0801049c   0x0801049c   0x00000028   Data   RO         8803    .constdata          timeouts.o
    0x080104c4   0x080104c4   0x00000004   Data   RO         9456    .constdata          ip4_addr.o
    0x080104c8   0x080104c8   0x00000004   Data   RO         9457    .constdata          ip4_addr.o
    0x080104cc   0x080104cc   0x0000000c   Data   RO           21    .conststring        main.o
    0x080104d8   0x080104d8   0x00000075   Data   RO         8280    .conststring        tcp.o
    0x0801054d   0x0801054d   0x00000003   PAD
    0x08010550   0x08010550   0x00000055   Data   RO         8657    .conststring        tcp_out.o
    0x080105a5   0x080105a5   0x00000003   PAD
    0x080105a8   0x080105a8   0x00000042   Data   RO         9059    .conststring        dhcp.o
    0x080105ea   0x080105ea   0x00000002   PAD
    0x080105ec   0x080105ec   0x00000041   Data   RO         9247    .conststring        etharp.o
    0x0801062d   0x0801062d   0x00000003   PAD
    0x08010630   0x08010630   0x00000040   Data   RO        10547    Region$$Table       anon$$obj.o


    Execution Region RW_IRAM1 (Exec base: 0x20000000, Load base: 0x08010670, Size: 0x00018dd8, Max: 0x0001c000, ABSOLUTE)

    Exec Addr    Load Addr    Size         Type   Attr      Idx    E Section Name        Object

    0x20000000   0x08010670   0x00000004   Data   RW           22    .data               main.o
    0x20000004   0x08010674   0x00000020   Data   RW          547    .data               ethernetif.o
    0x20000024   0x08010694   0x0000000c   Data   RW         1759    .data               stm32f4xx_hal.o
    0x20000030   0x080106a0   0x00000004   Data   RW         3665    .data               system_stm32f4xx.o
    0x20000034   0x080106a4   0x00000014   Data   RW         4660    .data               timers.o
    0x20000048   0x080106b8   0x00000010   Data   RW         7159    .data               tcpip.o
    0x20000058   0x080106c8   0x00000004   Data   RW         7648    .data               memp.o
    0x2000005c   0x080106cc   0x00000004   Data   RW         7650    .data               memp.o
    0x20000060   0x080106d0   0x00000004   Data   RW         7652    .data               memp.o
    0x20000064   0x080106d4   0x00000004   Data   RW         7654    .data               memp.o
    0x20000068   0x080106d8   0x00000004   Data   RW         7656    .data               memp.o
    0x2000006c   0x080106dc   0x00000004   Data   RW         7658    .data               memp.o
    0x20000070   0x080106e0   0x00000004   Data   RW         7660    .data               memp.o
    0x20000074   0x080106e4   0x0000000c   Data   RW         7784    .data               netif.o
    0x20000080   0x080106f0   0x00000020   Data   RW         8281    .data               tcp.o
    0x200000a0   0x08010710   0x00000024   Data   RW         8556    .data               tcp_in.o
    0x200000c4   0x08010734   0x00000008   Data   RW         8898    .data               udp.o
    0x200000cc   0x0801073c   0x00000001   Data   RW         9248    .data               etharp.o
    0x200000cd   0x0801073d   0x00000001   PAD
    0x200000ce   0x0801073e   0x00000002   Data   RW         9400    .data               ip4.o
    0x200000d0   0x08010740   0x00000004   Data   RW        10207    .data               mc_w.l(rand.o)
    0x200000d4        -       0x00004983   Zero   RW          544    .bss                ethernetif.o
    0x20004a57   0x08010744   0x00000001   PAD
    0x20004a58        -       0x00000040   Zero   RW         3904    .bss                queue.o
    0x20004a98        -       0x00000118   Zero   RW         4659    .bss                timers.o
    0x20004bb0        -       0x000006b8   Zero   RW         4884    .bss                cmsis_os2.o
    0x20005268        -       0x0000c800   Zero   RW         5330    .bss                heap_4.o
    0x20011a68        -       0x00000018   Zero   RW         7512    .bss                ip.o
    0x20011a80        -       0x00000653   Zero   RW         7544    .bss                mem.o
    0x200120d3        -       0x00000083   Zero   RW         7621    .bss                memp.o
    0x20012156        -       0x0000030f   Zero   RW         7622    .bss                memp.o
    0x20012465        -       0x000000e3   Zero   RW         7623    .bss                memp.o
    0x20012548        -       0x000000a3   Zero   RW         7628    .bss                memp.o
    0x200125eb        -       0x00000083   Zero   RW         7630    .bss                memp.o
    0x2001266e        -       0x00000053   Zero   RW         7631    .bss                memp.o
    0x200126c1        -       0x00000103   Zero   RW         7632    .bss                memp.o
    0x200127c4        -       0x00002603   Zero   RW         7633    .bss                memp.o
    0x20014dc7   0x08010744   0x00000001   PAD
    0x20014dc8        -       0x00000010   Zero   RW         8555    .bss                tcp_in.o
    0x20014dd8        -       0x00004000   Zero   RW            1    STACK               startup_stm32f407xx.o


    Execution Region RW_IRAM2 (Exec base: 0x2001c000, Load base: 0x08010744, Size: 0x00000dd8, Max: 0x00004000, ABSOLUTE)

    Exec Addr    Load Addr    Size         Type   Attr      Idx    E Section Name        Object

    0x2001c000   0x08010744   0x00000004   Data   RW          548    .data               ethernetif.o
    0x2001c004   0x08010748   0x0000000c   Data   RW          712    .data               lwip.o
    0x2001c010   0x08010754   0x0000003c   Data   RW         4329    .data               tasks.o
    0x2001c04c   0x08010790   0x00000004   Data   RW         4885    .data               cmsis_os2.o
    0x2001c050   0x08010794   0x00000020   Data   RW         5331    .data               heap_4.o
    0x2001c070   0x080107b4   0x0000000c   Data   RW         5387    .data               port.o
    0x2001c07c   0x080107c0   0x00000010   Data   RW         7545    .data               mem.o
    0x2001c08c   0x080107d0   0x00000004   Data   RW         7649    .data               memp.o
    0x2001c090   0x080107d4   0x00000004   Data   RW         7651    .data               memp.o
    0x2001c094   0x080107d8   0x00000004   Data   RW         7653    .data               memp.o
    0x2001c098   0x080107dc   0x00000004   Data   RW         7655    .data               memp.o
    0x2001c09c   0x080107e0   0x00000004   Data   RW         7657    .data               memp.o
    0x2001c0a0   0x080107e4   0x00000004   Data   RW         7659    .data               memp.o
    0x2001c0a4   0x080107e8   0x00000001   Data   RW         7982    .data               pbuf.o
    0x2001c0a5   0x080107e9   0x00000003   PAD
    0x2001c0a8   0x080107ec   0x0000000c   Data   RW         8805    .data               timeouts.o
    0x2001c0b4   0x080107f8   0x00000014   Data   RW         9060    .data               dhcp.o
    0x2001c0c8   0x0801080c   0x00000008   Data   RW         9527    .data               ip4_frag.o
    0x2001c0d0   0x08010814   0x00000004   Data   RW         9796    .data               sys_arch.o
    0x2001c0d4   0x08010818   0x00000004   Data   RW        10508    .data               mc_w.l(stdout.o)
    0x2001c0d8        -       0x00000088   Zero   RW           19    .bss                main.o
    0x2001c160        -       0x00000048   Zero   RW          488    .bss                stm32f4xx_hal_timebase_tim.o
    0x2001c1a8        -       0x00000248   Zero   RW          545    .bss                ethernetif.o
    0x2001c3f0        -       0x0000005c   Zero   RW          711    .bss                lwip.o
    0x2001c44c        -       0x000004c4   Zero   RW         4328    .bss                tasks.o
    0x2001c910        -       0x00000103   Zero   RW         7624    .bss                memp.o
    0x2001ca13        -       0x000000a3   Zero   RW         7625    .bss                memp.o
    0x2001cab6        -       0x0000016b   Zero   RW         7626    .bss                memp.o
    0x2001cc21        -       0x00000023   Zero   RW         7627    .bss                memp.o
    0x2001cc44        -       0x00000083   Zero   RW         7629    .bss                memp.o
    0x2001ccc7   0x0801081c   0x00000001   PAD
    0x2001ccc8        -       0x00000020   Zero   RW         9058    .bss                dhcp.o
    0x2001cce8        -       0x000000f0   Zero   RW         9246    .bss                etharp.o


==============================================================================

Image component sizes


      Code (inc. data)   RO Data    RW Data    ZI Data      Debug   Object Name

         0          0          0          0          0       7079   api_lib.o
         0          0          0          0          0       4727   api_msg.o
         0          0          0          0          0       2176   auth.o
         0          0          0          0          0       6047   bridgeif.o
      1216         40          0          4       1720      74344   cmsis_os2.o
         8          0          0          0          0       1066   def.o
      6240       2132         66         20         32      28064   dhcp.o
         0          0          0          0          0       2380   err.o
      2956       1188         65          1        240      12547   etharp.o
       412        154         12          0          0       2658   ethernet.o
      1526        222         12         36      19403      23170   ethernetif.o
         0          0          0          0          0      19392   event_groups.o
       472         24          0         32      51200       4759   heap_4.o
       776        350          0          0          0       4318   icmp.o
        34          0          0          0          0      10047   init.o
         0          0          0          0         24       3178   ip.o
       950        186          0          2          0       5700   ip4.o
        46          0          8          0          0       8722   ip4_addr.o
      2904       1164          0          8          0      11474   ip4_frag.o
       396          0          0          0          0       2894   lan8742.o
       138          0          0          0          0       3438   list.o
       166         32          0         12         92       1261   lwip.o
       524         54         48          4        136     756731   main.o
      2172       1044          0         16       1619       7889   mem.o
      1022        720        208         52      12459      13459   memp.o
      1794        998          0         12          0      15864   netif.o
      3416       1796          0          1          0      16930   pbuf.o
       786         82          0         12          0      11269   port.o
      2670         28          0          0         64      29684   queue.o
        36          8        392          0      16384        816   startup_stm32f407xx.o
       116         18          0         12          0       8578   stm32f4xx_hal.o
       158         14          0          0          0      33074   stm32f4xx_hal_cortex.o
      3058         88          0          0          0      19800   stm32f4xx_hal_eth.o
       506         46          0          0          0       2132   stm32f4xx_hal_gpio.o
       232         26          0          0          0       1657   stm32f4xx_hal_msp.o
      1420         88          0          0          0       6217   stm32f4xx_hal_rcc.o
       786         72          0          0          0       7148   stm32f4xx_hal_tim.o
         4          0          0          0          0       1537   stm32f4xx_hal_tim_ex.o
       152         20          0          0         72       1419   stm32f4xx_hal_timebase_tim.o
       366         10          0          0          0       1972   stm32f4xx_hal_uart.o
        48         18          0          0          0       4010   stm32f4xx_it.o
         0          0          0          0          0        416   stream_buffer.o
       268         16          0          4          0      12208   sys_arch.o
        16          4         24          4          0       1067   system_stm32f4xx.o
      2400        202          0         60       1220      30072   tasks.o
      6124       2876        201         32          0      33292   tcp.o
      6910       2036          0         36         16      22363   tcp_in.o
      6108       3044         85          0          0      28718   tcp_out.o
      1132        660          0         16          0       7464   tcpip.o
       760        374         40         12          0       7303   timeouts.o
       972         80          0         20        280      31807   timers.o
      2638       1376          0          8          0      11473   udp.o

    ----------------------------------------------------------------------
     64912      21290       1236        420     104964    1365810   Object Totals
         0          0         64          0          0          0   (incl. Generated)
        78          0         11          4          3          0   (incl. Padding)

    ----------------------------------------------------------------------

      Code (inc. data)   RO Data    RW Data    ZI Data      Debug   Library Member Name

        86          0          0          0          0          0   __dczerorl2.o
         0          0          0          0          0          0   entry.o
         0          0          0          0          0          0   entry10a.o
         0          0          0          0          0          0   entry11a.o
         4          0          0          0          0          0   entry12b.o
         8          4          0          0          0          0   entry2.o
         4          0          0          0          0          0   entry5.o
         0          0          0          0          0          0   entry7b.o
         0          0          0          0          0          0   entry8b.o
         8          4          0          0          0          0   entry9a.o
        18          0          0          0          0         80   fputc.o
        30          0          0          0          0          0   handlers.o
        36          8          0          0          0         68   init.o
         0          0          0          0          0          0   iusesemip.o
        30          0          0          0          0         68   llshl.o
        32          0          0          0          0         68   llushr.o
        26          0          0          0          0         80   memcmp.o
        64          0          0          0          0         76   memmovea.o
        36          0          0          0          0        108   memseta.o
       472         14          0          0          0        184   printf3.o
        36         10          0          4          0        136   rand.o
         0          0          0          0          0          0   semi.o
         0          0          0          4          0          0   stdout.o
        44          0          0          0          0         80   uidiv.o
        98          0          0          0          0         92   uldiv.o

    ----------------------------------------------------------------------
      1036         40          0          8          0       1040   Library Totals
         4          0          0          0          0          0   (incl. Padding)

    ----------------------------------------------------------------------

      Code (inc. data)   RO Data    RW Data    ZI Data      Debug   Library Name

      1032         40          0          8          0       1040   mc_w.l

    ----------------------------------------------------------------------
      1036         40          0          8          0       1040   Library Totals

    ----------------------------------------------------------------------

==============================================================================


      Code (inc. data)   RO Data    RW Data    ZI Data      Debug   

     65948      21330       1236        428     104964    1327218   Grand Totals
     65948      21330       1236        428     104964    1327218   ELF Image Totals
     65948      21330       1236        428          0          0   ROM Totals

==============================================================================

    Total RO  Size (Code + RO Data)                67184 (  65.61kB)
    Total RW  Size (RW Data + ZI Data)            105392 ( 102.92kB)
    Total ROM Size (Code + RO Data + RW Data)      67612 (  66.03kB)

==============================================================================

